Component: ARM Compiler 5.06 update 7 (build 960) Tool: armlink [4d3601]

==============================================================================

Section Cross References

    startup_stm32f103xb.o(STACK) refers (Special) to heapauxi.o(.text) for __use_two_region_memory
    startup_stm32f103xb.o(HEAP) refers (Special) to heapauxi.o(.text) for __use_two_region_memory
    startup_stm32f103xb.o(RESET) refers (Special) to heapauxi.o(.text) for __use_two_region_memory
    startup_stm32f103xb.o(RESET) refers to startup_stm32f103xb.o(STACK) for __initial_sp
    startup_stm32f103xb.o(RESET) refers to startup_stm32f103xb.o(.text) for Reset_Handler
    startup_stm32f103xb.o(RESET) refers to stm32f1xx_it.o(i.NMI_Handler) for NMI_Handler
    startup_stm32f103xb.o(RESET) refers to stm32f1xx_it.o(i.HardFault_Handler) for HardFault_Handler
    startup_stm32f103xb.o(RESET) refers to stm32f1xx_it.o(i.MemManage_Handler) for MemManage_Handler
    startup_stm32f103xb.o(RESET) refers to stm32f1xx_it.o(i.BusFault_Handler) for BusFault_Handler
    startup_stm32f103xb.o(RESET) refers to stm32f1xx_it.o(i.UsageFault_Handler) for UsageFault_Handler
    startup_stm32f103xb.o(RESET) refers to stm32f1xx_it.o(i.SVC_Handler) for SVC_Handler
    startup_stm32f103xb.o(RESET) refers to stm32f1xx_it.o(i.DebugMon_Handler) for DebugMon_Handler
    startup_stm32f103xb.o(RESET) refers to stepper_tim.o(i.TIM1_CC_IRQHandler) for TIM1_CC_IRQHandler
    startup_stm32f103xb.o(RESET) refers to btim.o(i.TIM3_IRQHandler) for TIM3_IRQHandler
    startup_stm32f103xb.o(RESET) refers to btim.o(i.TIM4_IRQHandler) for TIM4_IRQHandler
    startup_stm32f103xb.o(.text) refers (Special) to heapauxi.o(.text) for __use_two_region_memory
    startup_stm32f103xb.o(.text) refers to system_stm32f1xx.o(i.SystemInit) for SystemInit
    startup_stm32f103xb.o(.text) refers to __main.o(!!!main) for __main
    startup_stm32f103xb.o(.text) refers to startup_stm32f103xb.o(HEAP) for Heap_Mem
    startup_stm32f103xb.o(.text) refers to startup_stm32f103xb.o(STACK) for Stack_Mem
    main.o(i.Absorb) refers to main.o(i.set_angle2) for set_angle2
    main.o(i.Absorb) refers to delay.o(i.delay_ms) for delay_ms
    main.o(i.Absorb) refers to stm32f1xx_hal_gpio.o(i.HAL_GPIO_WritePin) for HAL_GPIO_WritePin
    main.o(i.Absorb) refers to dflt_clz.o(x$fpl$dflt) for __aeabi_i2d
    main.o(i.Absorb) refers to dmul.o(x$fpl$dmul) for __aeabi_dmul
    main.o(i.Absorb) refers to dfix.o(x$fpl$dfix) for __aeabi_d2iz
    main.o(i.Absorb) refers to stepper_motor.o(.bss) for g_stepper2
    main.o(i.HAL_TIM_PeriodElapsedCallback) refers to _printf_percent.o(.ARM.Collect$$_printf_percent$$00000000) for _printf_percent
    main.o(i.HAL_TIM_PeriodElapsedCallback) refers to _printf_d.o(.ARM.Collect$$_printf_percent$$00000009) for _printf_d
    main.o(i.HAL_TIM_PeriodElapsedCallback) refers to _printf_dec.o(.text) for _printf_int_dec
    main.o(i.HAL_TIM_PeriodElapsedCallback) refers to main.o(i.ONE_black_1) for ONE_black_1
    main.o(i.HAL_TIM_PeriodElapsedCallback) refers to main.o(i.ONE_black_2) for ONE_black_2
    main.o(i.HAL_TIM_PeriodElapsedCallback) refers to main.o(i.ONE_black_3) for ONE_black_3
    main.o(i.HAL_TIM_PeriodElapsedCallback) refers to main.o(i.ONE_black_4) for ONE_black_4
    main.o(i.HAL_TIM_PeriodElapsedCallback) refers to main.o(i.ONE_black_5) for ONE_black_5
    main.o(i.HAL_TIM_PeriodElapsedCallback) refers to main.o(i.ONE_white_1) for ONE_white_1
    main.o(i.HAL_TIM_PeriodElapsedCallback) refers to main.o(i.ONE_white_2) for ONE_white_2
    main.o(i.HAL_TIM_PeriodElapsedCallback) refers to main.o(i.ONE_white_3) for ONE_white_3
    main.o(i.HAL_TIM_PeriodElapsedCallback) refers to main.o(i.ONE_white_4) for ONE_white_4
    main.o(i.HAL_TIM_PeriodElapsedCallback) refers to main.o(i.ONE_white_5) for ONE_white_5
    main.o(i.HAL_TIM_PeriodElapsedCallback) refers to stm32f1xx_hal_gpio.o(i.HAL_GPIO_WritePin) for HAL_GPIO_WritePin
    main.o(i.HAL_TIM_PeriodElapsedCallback) refers to stm32f1xx_hal_uart.o(i.HAL_UART_Receive) for HAL_UART_Receive
    main.o(i.HAL_TIM_PeriodElapsedCallback) refers to main.o(i.findBestMove) for findBestMove
    main.o(i.HAL_TIM_PeriodElapsedCallback) refers to main.o(.data) for start
    main.o(i.HAL_TIM_PeriodElapsedCallback) refers to main.o(.bss) for rx_buffer
    main.o(i.HAL_TIM_PeriodElapsedCallback) refers to usart.o(.bss) for g_uart1_handle
    main.o(i.HAL_TIM_PeriodElapsedCallback) refers to noretval__2sprintf.o(.text) for __2sprintf
    main.o(i.HAL_TIM_PeriodElapsedCallback) refers to oled.o(i.OLED_ShowString) for OLED_ShowString
    main.o(i.Laydown) refers to main.o(i.set_angle2) for set_angle2
    main.o(i.Laydown) refers to delay.o(i.delay_ms) for delay_ms
    main.o(i.Laydown) refers to stm32f1xx_hal_gpio.o(i.HAL_GPIO_WritePin) for HAL_GPIO_WritePin
    main.o(i.Laydown) refers to dflt_clz.o(x$fpl$dflt) for __aeabi_i2d
    main.o(i.Laydown) refers to dmul.o(x$fpl$dmul) for __aeabi_dmul
[...]
    i.HAL_TIMEx_CommutCallback               0x08001122   Section        0  stm32f1xx_hal_tim_ex.o(i.HAL_TIMEx_CommutCallback)
    i.HAL_TIM_Base_Init                      0x08001124   Section        0  stm32f1xx_hal_tim.o(i.HAL_TIM_Base_Init)
    i.HAL_TIM_Base_MspInit                   0x0800118c   Section        0  btim.o(i.HAL_TIM_Base_MspInit)
    i.HAL_TIM_Base_Start                     0x08001210   Section        0  stm32f1xx_hal_tim.o(i.HAL_TIM_Base_Start)
    i.HAL_TIM_Base_Start_IT                  0x0800127c   Section        0  stm32f1xx_hal_tim.o(i.HAL_TIM_Base_Start_IT)
    i.HAL_TIM_IC_CaptureCallback             0x080012f4   Section        0  stm32f1xx_hal_tim.o(i.HAL_TIM_IC_CaptureCallback)
    i.HAL_TIM_IRQHandler                     0x080012f6   Section        0  stm32f1xx_hal_tim.o(i.HAL_TIM_IRQHandler)
    i.HAL_TIM_OC_ConfigChannel               0x0800148c   Section        0  stm32f1xx_hal_tim.o(i.HAL_TIM_OC_ConfigChannel)
    i.HAL_TIM_OC_DelayElapsedCallback        0x080014f4   Section        0  stepper_tim.o(i.HAL_TIM_OC_DelayElapsedCallback)
    i.HAL_TIM_OC_Init                        0x080016cc   Section        0  stm32f1xx_hal_tim.o(i.HAL_TIM_OC_Init)
    i.HAL_TIM_OC_MspInit                     0x08001734   Section        0  stepper_tim.o(i.HAL_TIM_OC_MspInit)
    i.HAL_TIM_OC_Start_IT                    0x080017f4   Section        0  stm32f1xx_hal_tim.o(i.HAL_TIM_OC_Start_IT)
    i.HAL_TIM_OC_Stop_IT                     0x08001914   Section        0  stm32f1xx_hal_tim.o(i.HAL_TIM_OC_Stop_IT)
    i.HAL_TIM_PWM_PulseFinishedCallback      0x080019fc   Section        0  stm32f1xx_hal_tim.o(i.HAL_TIM_PWM_PulseFinishedCallback)
    i.HAL_TIM_PeriodElapsedCallback          0x08001a00   Section        0  main.o(i.HAL_TIM_PeriodElapsedCallback)
    i.HAL_TIM_TriggerCallback                0x08002314   Section        0  stm32f1xx_hal_tim.o(i.HAL_TIM_TriggerCallback)
    i.HAL_UART_Init                          0x08002316   Section        0  stm32f1xx_hal_uart.o(i.HAL_UART_Init)
    i.HAL_UART_MspInit                       0x08002388   Section        0  usart.o(i.HAL_UART_MspInit)
    i.HAL_UART_Receive                       0x0800242c   Section        0  stm32f1xx_hal_uart.o(i.HAL_UART_Receive)
    i.HardFault_Handler                      0x08002504   Section        0  stm32f1xx_it.o(i.HardFault_Handler)
    i.Laydown                                0x08002508   Section        0  main.o(i.Laydown)
    i.MemManage_Handler                      0x08002568   Section        0  stm32f1xx_it.o(i.MemManage_Handler)
    i.NMI_Handler                            0x0800256c   Section        0  stm32f1xx_it.o(i.NMI_Handler)
    i.OLED_Clear                             0x0800256e   Section        0  oled.o(i.OLED_Clear)
    i.OLED_IIC_Start                         0x080025ac   Section        0  oled.o(i.OLED_IIC_Start)
    i.OLED_IIC_Stop                          0x080025e0   Section        0  oled.o(i.OLED_IIC_Stop)
    i.OLED_IIC_Wait_Ack                      0x08002608   Section        0  oled.o(i.OLED_IIC_Wait_Ack)
    i.OLED_Init                              0x08002628   Section        0  oled.o(i.OLED_Init)
    i.OLED_Set_Pos                           0x08002760   Section        0  oled.o(i.OLED_Set_Pos)
    i.OLED_ShowChar                          0x08002788   Section        0  oled.o(i.OLED_ShowChar)
    i.OLED_ShowString                        0x0800282c   Section        0  oled.o(i.OLED_ShowString)
    i.OLED_WR_Byte                           0x08002862   Section        0  oled.o(i.OLED_WR_Byte)
    i.OLED_Write_IIC_Byte                    0x0800287c   Section        0  oled.o(i.OLED_Write_IIC_Byte)
    i.OLED_Write_IIC_Command                 0x080028e0   Section        0  oled.o(i.OLED_Write_IIC_Command)
    i.OLED_Write_IIC_Data                    0x0800290c   Section        0  oled.o(i.OLED_Write_IIC_Data)
    i.ONE_black_1                            0x08002938   Section        0  main.o(i.ONE_black_1)
    i.ONE_black_2                            0x08002ee4   Section        0  main.o(i.ONE_black_2)
    i.ONE_black_3                            0x08003490   Section        0  main.o(i.ONE_black_3)
    i.ONE_black_4                            0x08003954   Section        0  main.o(i.ONE_black_4)
    i.ONE_black_5                            0x08003c3c   Section        0  main.o(i.ONE_black_5)
    i.ONE_white_1                            0x08003f24   Section        0  main.o(i.ONE_white_1)
    i.ONE_white_2                            0x0800423c   Section        0  main.o(i.ONE_white_2)
    i.ONE_white_3                            0x08004550   Section        0  main.o(i.ONE_white_3)
    i.ONE_white_4                            0x08004868   Section        0  main.o(i.ONE_white_4)
    i.ONE_white_5                            0x08004b80   Section        0  main.o(i.ONE_white_5)
    i.RCC_Delay                              0x08004ea0   Section        0  stm32f1xx_hal_rcc.o(i.RCC_Delay)
    RCC_Delay                                0x08004ea1   Thumb Code    36  stm32f1xx_hal_rcc.o(i.RCC_Delay)
    i.Revolve_set1379                        0x08004ec8   Section        0  main.o(i.Revolve_set1379)
    i.Revolve_set2468                        0x08005240   Section        0  main.o(i.Revolve_set2468)
    i.SVC_Handler                            0x080055b0   Section        0  stm32f1xx_it.o(i.SVC_Handler)
    i.SystemInit                             0x080055b2   Section        0  system_stm32f1xx.o(i.SystemInit)
    i.TIM1_CC_IRQHandler                     0x080055b4   Section        0  stepper_tim.o(i.TIM1_CC_IRQHandler)
    i.TIM3_IRQHandler                        0x080055c4   Section        0  btim.o(i.TIM3_IRQHandler)
    i.TIM4_IRQHandler                        0x080055d4   Section        0  btim.o(i.TIM4_IRQHandler)
    i.TIM_Base_SetConfig                     0x080055e4   Section        0  stm32f1xx_hal_tim.o(i.TIM_Base_SetConfig)
    i.TIM_CCxChannelCmd                      0x08005658   Section        0  stm32f1xx_hal_tim.o(i.TIM_CCxChannelCmd)
    i.TIM_OC1_SetConfig                      0x0800567c   Section        0  stm32f1xx_hal_tim.o(i.TIM_OC1_SetConfig)
    TIM_OC1_SetConfig                        0x0800567d   Thumb Code    90  stm32f1xx_hal_tim.o(i.TIM_OC1_SetConfig)
    i.TIM_OC2_SetConfig                      0x080056dc   Section        0  stm32f1xx_hal_tim.o(i.TIM_OC2_SetConfig)
    i.TIM_OC3_SetConfig                      0x08005744   Section        0  stm32f1xx_hal_tim.o(i.TIM_OC3_SetConfig)
    TIM_OC3_SetConfig                        0x08005745   Thumb Code    98  stm32f1xx_hal_tim.o(i.TIM_OC3_SetConfig)
    i.TIM_OC4_SetConfig                      0x080057ac   Section        0  stm32f1xx_hal_tim.o(i.TIM_OC4_SetConfig)
    TIM_OC4_SetConfig                        0x080057ad   Thumb Code    68  stm32f1xx_hal_tim.o(i.TIM_OC4_SetConfig)
    i.UART_SetConfig                         0x080057f4   Section        0  stm32f1xx_hal_uart.o(i.UART_SetConfig)
    UART_SetConfig                           0x080057f5   Thumb Code   248  stm32f1xx_hal_uart.o(i.UART_SetConfig)
    i.UART_WaitOnFlagUntilTimeout            0x080058f0   Section        0  stm32f1xx_hal_uart.o(i.UART_WaitOnFlagUntilTimeout)
    UART_WaitOnFlagUntilTimeout              0x080058f1   Thumb Code   108  stm32f1xx_hal_uart.o(i.UART_WaitOnFlagUntilTimeout)
    i.UsageFault_Handler                     0x0800595c   Section        0  stm32f1xx_it.o(i.UsageFault_Handler)
    i.__ARM_fpclassify                       0x08005960   Section        0  fpclassify.o(i.__ARM_fpclassify)
    i.__NVIC_GetPriorityGrouping             0x08005988   Section        0  stm32f1xx_hal_cortex.o(i.__NVIC_GetPriorityGrouping)
    __NVIC_GetPriorityGrouping               0x08005989   Thumb Code    10  stm32f1xx_hal_cortex.o(i.__NVIC_GetPriorityGrouping)
    i.__NVIC_SetPriority                     0x08005998   Section        0  stm32f1xx_hal_cortex.o(i.__NVIC_SetPriority)
    __NVIC_SetPriority                       0x08005999   Thumb Code    32  stm32f1xx_hal_cortex.o(i.__NVIC_SetPriority)
    i.__ieee754_rem_pio2                     0x080059c0   Section        0  rred.o(i.__ieee754_rem_pio2)
    i.__kernel_cos                           0x08005d48   Section        0  cos_i.o(i.__kernel_cos)
    i.__kernel_poly                          0x08005e44   Section        0  poly.o(i.__kernel_poly)
    i.__kernel_sin                           0x08005ef0   Section        0  sin_i.o(i.__kernel_sin)
    i.__mathlib_dbl_infnan                   0x08005fdc   Section        0  dunder.o(i.__mathlib_dbl_infnan)
    i.__mathlib_dbl_invalid                  0x08005fe2   Section        0  dunder.o(i.__mathlib_dbl_invalid)
    i.__mathlib_dbl_underflow                0x08005ff0   Section        0  dunder.o(i.__mathlib_dbl_underflow)
    i._sys_exit                              0x08006000   Section        0  usart.o(i._sys_exit)
    i.atim_timx_oc_chy_init                  0x08006004   Section        0  stepper_tim.o(i.atim_timx_oc_chy_init)
    i.btim_tim3_int_init                     0x08006090   Section        0  btim.o(i.btim_tim3_int_init)
    i.btim_timx_int_init                     0x080060bc   Section        0  btim.o(i.btim_timx_int_init)
    i.checkwin                               0x080060e8   Section        0  main.o(i.checkwin)
    i.cos                                    0x08006180   Section        0  cos.o(i.cos)
    i.delay_init                             0x0800621c   Section        0  delay.o(i.delay_init)
    i.delay_ms                               0x08006244   Section        0  delay.o(i.delay_ms)
    i.delay_us                               0x0800627c   Section        0  delay.o(i.delay_us)
    i.findBestMove                           0x080062c8   Section        0  main.o(i.findBestMove)
    i.isMovesLeft                            0x08006334   Section        0  main.o(i.isMovesLeft)
    i.key_init                               0x08006350   Section        0  key.o(i.key_init)
    i.key_scan                               0x08006520   Section        0  key.o(i.key_scan)
    i.led_init                               0x0800667c   Section        0  led.o(i.led_init)
    i.main                                   0x080066ec   Section        0  main.o(i.main)
    i.minimax                                0x08006b14   Section        0  main.o(i.minimax)
    i.motor1_set_angle                       0x08006bc4   Section        0  stepper_motor.o(i.motor1_set_angle)
    i.motor2_set_angle                       0x08006be8   Section        0  stepper_motor.o(i.motor2_set_angle)
    i.motor4_set_angle                       0x08006c0c   Section        0  stepper_motor.o(i.motor4_set_angle)
    i.set_angle                              0x08006c30   Section        0  main.o(i.set_angle)
    i.set_angle2                             0x08006c7c   Section        0  main.o(i.set_angle2)
    i.sin                                    0x08006ca4   Section        0  sin.o(i.sin)
    i.sqrt                                   0x08006d44   Section        0  sqrt.o(i.sqrt)
    i.stepper1_set_angle                     0x08006d90   Section        0  stepper_motor.o(i.stepper1_set_angle)
    i.stepper2_set_angle                     0x08006ddc   Section        0  stepper_motor.o(i.stepper2_set_angle)
    i.stepper4_set_angle                     0x08006e28   Section        0  stepper_motor.o(i.stepper4_set_angle)
    i.stepper_init                           0x08006e74   Section        0  stepper_motor.o(i.stepper_init)
    i.stepper_star                           0x08006fa4   Section        0  stepper_motor.o(i.stepper_star)
    i.stepper_stop                           0x0800705c   Section        0  stepper_motor.o(i.stepper_stop)
    i.sys_stm32_clock_init                   0x08007098   Section        0  sys.o(i.sys_stm32_clock_init)
    i.usart_init                             0x08007100   Section        0  usart.o(i.usart_init)
    x$fpl$d2f                                0x0800712c   Section       98  d2f.o(x$fpl$d2f)
    x$fpl$dadd                               0x08007190   Section      336  daddsub_clz.o(x$fpl$dadd)
    _dadd1                                   0x080071a1   Thumb Code     0  daddsub_clz.o(x$fpl$dadd)
    x$fpl$dcheck1                            0x080072e0   Section       16  dcheck1.o(x$fpl$dcheck1)
    x$fpl$ddiv                               0x080072f0   Section      688  ddiv.o(x$fpl$ddiv)
    ddiv_entry                               0x080072f7   Thumb Code     0  ddiv.o(x$fpl$ddiv)
    x$fpl$dfix                               0x080075a0   Section       94  dfix.o(x$fpl$dfix)
    x$fpl$dfixu                              0x08007600   Section       90  dfixu.o(x$fpl$dfixu)
    x$fpl$dflt                               0x0800765a   Section       46  dflt_clz.o(x$fpl$dflt)
    x$fpl$dfltu                              0x08007688   Section       38  dflt_clz.o(x$fpl$dfltu)
    x$fpl$dmul                               0x080076b0   Section      340  dmul.o(x$fpl$dmul)
    x$fpl$dnaninf                            0x08007804   Section      156  dnaninf.o(x$fpl$dnaninf)
    x$fpl$dretinf                            0x080078a0   Section       12  dretinf.o(x$fpl$dretinf)
    x$fpl$drsb                               0x080078ac   Section       22  daddsub_clz.o(x$fpl$drsb)
    x$fpl$dsqrt                              0x080078c4   Section      460  dsqrt_noumaal.o(x$fpl$dsqrt)
    x$fpl$dsub                               0x08007a90   Section      468  daddsub_clz.o(x$fpl$dsub)
    _dsub1                                   0x08007aa1   Thumb Code     0  daddsub_clz.o(x$fpl$dsub)
    x$fpl$f2d                                0x08007c64   Section       86  f2d.o(x$fpl$f2d)
    x$fpl$fadd                               0x08007cbc   Section      196  faddsub_clz.o(x$fpl$fadd)
    _fadd1                                   0x08007ccb   Thumb Code     0  faddsub_clz.o(x$fpl$fadd)
    x$fpl$fcmpinf                            0x08007d80   Section       24  fcmpi.o(x$fpl$fcmpinf)
    x$fpl$fdiv                               0x08007d98   Section      388  fdiv.o(x$fpl$fdiv)
    _fdiv1                                   0x08007d99   Thumb Code     0  fdiv.o(x$fpl$fdiv)
    x$fpl$ffix                               0x08007f1c   Section       54  ffix.o(x$fpl$ffix)
    x$fpl$fflt                               0x08007f54   Section       48  fflt_clz.o(x$fpl$fflt)
    x$fpl$fleqf                              0x08007f84   Section      104  fleqf.o(x$fpl$fleqf)
    x$fpl$fnaninf                            0x08007fec   Section      140  fnaninf.o(x$fpl$fnaninf)
    x$fpl$fretinf                            0x08008078   Section       10  fretinf.o(x$fpl$fretinf)
    x$fpl$frleqf                             0x08008082   Section       98  frleqf.o(x$fpl$frleqf)
    x$fpl$fsub                               0x080080e4   Section      234  faddsub_clz.o(x$fpl$fsub)
    _fsub1                                   0x080080f3   Thumb Code     0  faddsub_clz.o(x$fpl$fsub)
    x$fpl$retnan                             0x080081ce   Section      100  retnan.o(x$fpl$retnan)
    x$fpl$scalbn                             0x08008232   Section       92  scalbn.o(x$fpl$scalbn)
    x$fpl$trapveneer                         0x0800828e   Section       48  trapv.o(x$fpl$trapveneer)
    x$fpl$usenofp                            0x080082be   Section        0  usenofp.o(x$fpl$usenofp)
    .constdata                               0x080082c0   Section       96  main.o(.constdata)
    .constdata                               0x08008320   Section       24  system_stm32f1xx.o(.constdata)
    .constdata                               0x08008338   Section     2072  oled.o(.constdata)
    .constdata                               0x08008b50   Section       48  cos_i.o(.constdata)
    C                                        0x08008b50   Data          48  cos_i.o(.constdata)
    .constdata                               0x08008b80   Section      200  rred.o(.constdata)
    pio2s                                    0x08008b80   Data          48  rred.o(.constdata)
    twooverpi                                0x08008bb0   Data         152  rred.o(.constdata)
    .constdata                               0x08008c48   Section       40  sin_i.o(.constdata)
    S                                        0x08008c48   Data          40  sin_i.o(.constdata)
    .data                                    0x20000000   Section       40  main.o(.data)
    .data                                    0x20000028   Section        4  system_stm32f1xx.o(.data)
    .data                                    0x2000002c   Section        2  delay.o(.data)
    g_fac_us                                 0x2000002c   Data           2  delay.o(.data)
    .data                                    0x20000030   Section        9  stm32f1xx_hal.o(.data)
    .data                                    0x20000039   Section        1  key.o(.data)
    key_up                                   0x20000039   Data           1  key.o(.data)
    .data                                    0x2000003c   Section       22  stepper_tim.o(.data)
    .bss                                     0x20000054   Section      168  main.o(.bss)
    .bss                                     0x200000fc   Section       64  usart.o(.bss)
    .bss                                     0x2000013c   Section       48  stepper_motor.o(.bss)
    .bss                                     0x2000016c   Section      100  stepper_tim.o(.bss)
    .bss                                     0x200001d0   Section      144  btim.o(.bss)
    .bss                                     0x20000260   Section       96  libspace.o(.bss)
    HEAP                                     0x200002c0   Section      512  startup_stm32f103xb.o(HEAP)
    Heap_Mem                                 0x200002c0   Data         512  startup_stm32f103xb.o(HEAP)
    STACK                                    0x200004c0   Section     1024  startup_stm32f103xb.o(STACK)
    Stack_Mem                                0x200004c0   Data        1024  startup_stm32f103xb.o(STACK)
    __initial_sp                             0x200008c0   Data           0  startup_stm32f103xb.o(STACK)

    Global Symbols

    Symbol Name                              Value     Ov Type        Size  Object(Section)

    BuildAttributes$$THM_ISAv4$P$D$K$B$S$PE$A:L22UL41UL21$X:L11$S22US41US21$IEEE1$IW$USESV6$~STKCKD$USESV7$~SHL$OTIME$ROPI$IEEEX$EBA8$UX$STANDARDLIB$REQ8$PRES8$EABIv2 0x00000000   Number         0  anon$$obj.o ABSOLUTE
    __ARM_use_no_argv                        0x00000000   Number         0  main.o ABSOLUTE
    __ARM_exceptions_init                     - Undefined Weak Reference
    __alloca_initialize                       - Undefined Weak Reference
    __arm_fini_                               - Undefined Weak Reference
    __arm_preinit_                            - Undefined Weak Reference
    __cpp_initialize__aeabi_                  - Undefined Weak Reference
    __cxa_finalize                            - Undefined Weak Reference
    __rt_locale                               - Undefined Weak Reference
    __sigvec_lookup                           - Undefined Weak Reference
    _atexit_init                              - Undefined Weak Reference
    _call_atexit_fns                          - Undefined Weak Reference
    _clock_init                               - Undefined Weak Reference
    _fp_trap_init                             - Undefined Weak Reference
    _fp_trap_shutdown                         - Undefined Weak Reference
    _get_lc_collate                           - Undefined Weak Reference
    _get_lc_ctype                             - Undefined Weak Reference
    _get_lc_monetary                          - Undefined Weak Reference
    _get_lc_numeric                           - Undefined Weak Reference
    _get_lc_time                              - Undefined Weak Reference
    _getenv_init                              - Undefined Weak Reference
    _handle_redirection                       - Undefined Weak Reference
    _init_alloc                               - Undefined Weak Reference
    _init_user_alloc                          - Undefined Weak Reference
    _initio                                   - Undefined Weak Reference
    _printf_post_padding                      - Undefined Weak Reference
    _printf_pre_padding                       - Undefined Weak Reference
    _printf_truncate_signed                   - Undefined Weak Reference
    _printf_truncate_unsigned                 - Undefined Weak Reference
    _rand_init                                - Undefined Weak Reference
    _signal_finish                            - Undefined Weak Reference
    _signal_init                              - Undefined Weak Reference
    _terminate_alloc                          - Undefined Weak Reference
    _terminate_user_alloc                     - Undefined Weak Reference
    _terminateio                              - Undefined Weak Reference
    __Vectors_Size                           0x000000ec   Number         0  startup_stm32f103xb.o ABSOLUTE
    __Vectors                                0x08000000   Data           4  startup_stm32f103xb.o(RESET)
    __Vectors_End                            0x080000ec   Data           0  startup_stm32f103xb.o(RESET)
    __main                                   0x080000ed   Thumb Code     8  __main.o(!!!main)
    __scatterload                            0x080000f5   Thumb Code     0  __scatter.o(!!!scatter)
    __scatterload_rt2                        0x080000f5   Thumb Code    44  __scatter.o(!!!scatter)
    __scatterload_rt2_thumb_only             0x080000f5   Thumb Code     0  __scatter.o(!!!scatter)
    __scatterload_null                       0x08000103   Thumb Code     0  __scatter.o(!!!scatter)
    __scatterload_copy                       0x08000129   Thumb Code    26  __scatter_copy.o(!!handler_copy)
    __scatterload_zeroinit                   0x08000145   Thumb Code    28  __scatter_zi.o(!!handler_zi)
    _printf_d                                0x08000161   Thumb Code     0  _printf_d.o(.ARM.Collect$$_printf_percent$$00000009)
    _printf_percent                          0x08000161   Thumb Code     0  _printf_percent.o(.ARM.Collect$$_printf_percent$$00000000)
    _printf_percent_end                      0x08000167   Thumb Code     0  _printf_percent_end.o(.ARM.Collect$$_printf_percent$$00000017)
    __rt_lib_init                            0x0800016b   Thumb Code     0  libinit.o(.ARM.Collect$$libinit$$00000000)
    __rt_lib_init_alloca_1                   0x0800016d   Thumb Code     0  libinit2.o(.ARM.Collect$$libinit$$0000002E)
    __rt_lib_init_argv_1                     0x0800016d   Thumb Code     0  libinit2.o(.ARM.Collect$$libinit$$0000002C)
    __rt_lib_init_atexit_1                   0x0800016d   Thumb Code     0  libinit2.o(.ARM.Collect$$libinit$$0000001B)
    __rt_lib_init_clock_1                    0x0800016d   Thumb Code     0  libinit2.o(.ARM.Collect$$libinit$$00000021)
    __rt_lib_init_cpp_1                      0x0800016d   Thumb Code     0  libinit2.o(.ARM.Collect$$libinit$$00000032)
    __rt_lib_init_exceptions_1               0x0800016d   Thumb Code     0  libinit2.o(.ARM.Collect$$libinit$$00000030)
    __rt_lib_init_fp_1                       0x0800016d   Thumb Code     0  libinit2.o(.ARM.Collect$$libinit$$00000002)
    __rt_lib_init_fp_trap_1                  0x0800016d   Thumb Code     0  libinit2.o(.ARM.Collect$$libinit$$0000001F)
    __rt_lib_init_getenv_1                   0x0800016d   Thumb Code     0  libinit2.o(.ARM.Collect$$libinit$$00000023)
    __rt_lib_init_heap_1                     0x0800016d   Thumb Code     0  libinit2.o(.ARM.Collect$$libinit$$0000000A)
    __rt_lib_init_lc_collate_1               0x0800016d   Thumb Code     0  libinit2.o(.ARM.Collect$$libinit$$00000011)
    __rt_lib_init_lc_ctype_1                 0x0800016d   Thumb Code     0  libinit2.o(.ARM.Collect$$libinit$$00000013)
    __rt_lib_init_lc_monetary_1              0x0800016d   Thumb Code     0  libinit2.o(.ARM.Collect$$libinit$$00000015)
    __rt_lib_init_lc_numeric_1               0x0800016d   Thumb Code     0  libinit2.o(.ARM.Collect$$libinit$$00000017)
    __rt_lib_init_lc_time_1                  0x0800016d   Thumb Code     0  libinit2.o(.ARM.Collect$$libinit$$00000019)
    __rt_lib_init_preinit_1                  0x0800016d   Thumb Code     0  libinit2.o(.ARM.Collect$$libinit$$00000004)
    __rt_lib_init_rand_1                     0x0800016d   Thumb Code     0  libinit2.o(.ARM.Collect$$libinit$$0000000E)
    __rt_lib_init_return                     0x0800016d   Thumb Code     0  libinit2.o(.ARM.Collect$$libinit$$00000033)
    __rt_lib_init_signal_1                   0x0800016d   Thumb Code     0  libinit2.o(.ARM.Collect$$libinit$$0000001D)
    __rt_lib_init_stdio_1                    0x0800016d   Thumb Code     0  libinit2.o(.ARM.Collect$$libinit$$00000025)
    __rt_lib_init_user_alloc_1               0x0800016d   Thumb Code     0  libinit2.o(.ARM.Collect$$libinit$$0000000C)
    __rt_lib_shutdown                        0x0800016f   Thumb Code     0  libshutdown.o(.ARM.Collect$$libshutdown$$00000000)
    __rt_lib_shutdown_cpp_1                  0x08000171   Thumb Code     0  libshutdown2.o(.ARM.Collect$$libshutdown$$00000004)
    __rt_lib_shutdown_fini_1                 0x08000171   Thumb Code     0  libshutdown2.o(.ARM.Collect$$libshutdown$$00000002)
    __rt_lib_shutdown_fp_trap_1              0x08000171   Thumb Code     0  libshutdown2.o(.ARM.Collect$$libshutdown$$00000009)
    __rt_lib_shutdown_heap_1                 0x08000171   Thumb Code     0  libshutdown2.o(.ARM.Collect$$libshutdown$$00000011)
    __rt_lib_shutdown_return                 0x08000171   Thumb Code     0  libshutdown2.o(.ARM.Collect$$libshutdown$$00000012)
    __rt_lib_shutdown_signal_1               0x08000171   Thumb Code     0  libshutdown2.o(.ARM.Collect$$libshutdown$$0000000C)
    __rt_lib_shutdown_stdio_1                0x08000171   Thumb Code     0  libshutdown2.o(.ARM.Collect$$libshutdown$$00000006)
    __rt_lib_shutdown_user_alloc_1           0x08000171   Thumb Code     0  libshutdown2.o(.ARM.Collect$$libshutdown$$0000000E)
    __rt_entry                               0x08000173   Thumb Code     0  __rtentry.o(.ARM.Collect$$rtentry$$00000000)
    __rt_entry_presh_1                       0x08000173   Thumb Code     0  __rtentry2.o(.ARM.Collect$$rtentry$$00000002)
    __rt_entry_sh                            0x08000173   Thumb Code     0  __rtentry4.o(.ARM.Collect$$rtentry$$00000004)
    __rt_entry_li                            0x08000179   Thumb Code     0  __rtentry2.o(.ARM.Collect$$rtentry$$0000000A)
    __rt_entry_postsh_1                      0x08000179   Thumb Code     0  __rtentry2.o(.ARM.Collect$$rtentry$$00000009)
    __rt_entry_main                          0x0800017d   Thumb Code     0  __rtentry2.o(.ARM.Collect$$rtentry$$0000000D)
    __rt_entry_postli_1                      0x0800017d   Thumb Code     0  __rtentry2.o(.ARM.Collect$$rtentry$$0000000C)
    __rt_exit                                0x08000185   Thumb Code     0  rtexit.o(.ARM.Collect$$rtexit$$00000000)
    __rt_exit_ls                             0x08000187   Thumb Code     0  rtexit2.o(.ARM.Collect$$rtexit$$00000003)
    __rt_exit_prels_1                        0x08000187   Thumb Code     0  rtexit2.o(.ARM.Collect$$rtexit$$00000002)
    __rt_exit_exit                           0x0800018b   Thumb Code     0  rtexit2.o(.ARM.Collect$$rtexit$$00000004)
    Reset_Handler                            0x08000191   Thumb Code     8  startup_stm32f103xb.o(.text)
    PendSV_Handler                           0x080001a7   Thumb Code     2  startup_stm32f103xb.o(.text)
    SysTick_Handler                          0x080001a9   Thumb Code     2  startup_stm32f103xb.o(.text)
    ADC1_2_IRQHandler                        0x080001ab   Thumb Code     0  startup_stm32f103xb.o(.text)
    CAN1_RX1_IRQHandler                      0x080001ab   Thumb Code     0  startup_stm32f103xb.o(.text)
    CAN1_SCE_IRQHandler                      0x080001ab   Thumb Code     0  startup_stm32f103xb.o(.text)
    DMA1_Channel1_IRQHandler                 0x080001ab   Thumb Code     0  startup_stm32f103xb.o(.text)
    DMA1_Channel2_IRQHandler                 0x080001ab   Thumb Code     0  startup_stm32f103xb.o(.text)
    DMA1_Channel3_IRQHandler                 0x080001ab   Thumb Code     0  startup_stm32f103xb.o(.text)
    DMA1_Channel4_IRQHandler                 0x080001ab   Thumb Code     0  startup_stm32f103xb.o(.text)
    DMA1_Channel5_IRQHandler                 0x080001ab   Thumb Code     0  startup_stm32f103xb.o(.text)
    DMA1_Channel6_IRQHandler                 0x080001ab   Thumb Code     0  startup_stm32f103xb.o(.text)
    DMA1_Channel7_IRQHandler                 0x080001ab   Thumb Code     0  startup_stm32f103xb.o(.text)
    EXTI0_IRQHandler                         0x080001ab   Thumb Code     0  startup_stm32f103xb.o(.text)
    EXTI15_10_IRQHandler                     0x080001ab   Thumb Code     0  startup_stm32f103xb.o(.text)
    EXTI1_IRQHandler                         0x080001ab   Thumb Code     0  startup_stm32f103xb.o(.text)
    EXTI2_IRQHandler                         0x080001ab   Thumb Code     0  startup_stm32f103xb.o(.text)
    EXTI3_IRQHandler                         0x080001ab   Thumb Code     0  startup_stm32f103xb.o(.text)
    EXTI4_IRQHandler                         0x080001ab   Thumb Code     0  startup_stm32f103xb.o(.text)
    EXTI9_5_IRQHandler                       0x080001ab   Thumb Code     0  startup_stm32f103xb.o(.text)
    FLASH_IRQHandler                         0x080001ab   Thumb Code     0  startup_stm32f103xb.o(.text)
    I2C1_ER_IRQHandler                       0x080001ab   Thumb Code     0  startup_stm32f103xb.o(.text)
    I2C1_EV_IRQHandler                       0x080001ab   Thumb Code     0  startup_stm32f103xb.o(.text)
    I2C2_ER_IRQHandler                       0x080001ab   Thumb Code     0  startup_stm32f103xb.o(.text)
    I2C2_EV_IRQHandler                       0x080001ab   Thumb Code     0  startup_stm32f103xb.o(.text)
    PVD_IRQHandler                           0x080001ab   Thumb Code     0  startup_stm32f103xb.o(.text)
    RCC_IRQHandler                           0x080001ab   Thumb Code     0  startup_stm32f103xb.o(.text)
    RTC_Alarm_IRQHandler                     0x080001ab   Thumb Code     0  startup_stm32f103xb.o(.text)
    RTC_IRQHandler                           0x080001ab   Thumb Code     0  startup_stm32f103xb.o(.text)
    SPI1_IRQHandler                          0x080001ab   Thumb Code     0  startup_stm32f103xb.o(.text)
    SPI2_IRQHandler                          0x080001ab   Thumb Code     0  startup_stm32f103xb.o(.text)
    TAMPER_IRQHandler                        0x080001ab   Thumb Code     0  startup_stm32f103xb.o(.text)
    TIM1_BRK_IRQHandler                      0x080001ab   Thumb Code     0  startup_stm32f103xb.o(.text)
    TIM1_TRG_COM_IRQHandler                  0x080001ab   Thumb Code     0  startup_stm32f103xb.o(.text)
    TIM1_UP_IRQHandler                       0x080001ab   Thumb Code     0  startup_stm32f103xb.o(.text)
    TIM2_IRQHandler                          0x080001ab   Thumb Code     0  startup_stm32f103xb.o(.text)
    USART1_IRQHandler                        0x080001ab   Thumb Code     0  startup_stm32f103xb.o(.text)
    USART2_IRQHandler                        0x080001ab   Thumb Code     0  startup_stm32f103xb.o(.text)
    USART3_IRQHandler                        0x080001ab   Thumb Code     0  startup_stm32f103xb.o(.text)
    USBWakeUp_IRQHandler                     0x080001ab   Thumb Code     0  startup_stm32f103xb.o(.text)
    USB_HP_CAN1_TX_IRQHandler                0x080001ab   Thumb Code     0  startup_stm32f103xb.o(.text)
    USB_LP_CAN1_RX0_IRQHandler               0x080001ab   Thumb Code     0  startup_stm32f103xb.o(.text)
    WWDG_IRQHandler                          0x080001ab   Thumb Code     0  startup_stm32f103xb.o(.text)
    __user_initial_stackheap                 0x080001ad   Thumb Code     0  startup_stm32f103xb.o(.text)
    __use_no_semihosting                     0x080001d1   Thumb Code     2  use_no_semi_2.o(.text)
    __2sprintf                               0x080001d5   Thumb Code    34  noretval__2sprintf.o(.text)
    __printf                                 0x080001fd   Thumb Code   104  __printf.o(.text)
    _printf_int_dec                          0x08000265   Thumb Code   104  _printf_dec.o(.text)
    __aeabi_memcpy4                          0x080002dd   Thumb Code     0  rt_memcpy_w.o(.text)
    __aeabi_memcpy8                          0x080002dd   Thumb Code     0  rt_memcpy_w.o(.text)
    __rt_memcpy_w                            0x080002dd   Thumb Code   100  rt_memcpy_w.o(.text)
    _memcpy_lastbytes_aligned                0x08000325   Thumb Code     0  rt_memcpy_w.o(.text)
    __aeabi_memclr4                          0x08000341   Thumb Code     0  rt_memclr_w.o(.text)
    __aeabi_memclr8                          0x08000341   Thumb Code     0  rt_memclr_w.o(.text)
    __rt_memclr_w                            0x08000341   Thumb Code    78  rt_memclr_w.o(.text)
    _memset_w                                0x08000345   Thumb Code     0  rt_memclr_w.o(.text)
    __use_two_region_memory                  0x0800038f   Thumb Code     2  heapauxi.o(.text)
    __rt_heap_escrow$2region                 0x08000391   Thumb Code     2  heapauxi.o(.text)
    __rt_heap_expand$2region                 0x08000393   Thumb Code     2  heapauxi.o(.text)
    __semihosting$guard                      0x08000395   Thumb Code     0  use_no_semi.o(.text)
    __use_no_semihosting_swi                 0x08000395   Thumb Code     2  use_no_semi.o(.text)
    __read_errno                             0x08000397   Thumb Code    10  _rserrno.o(.text)
    __set_errno                              0x080003a1   Thumb Code    12  _rserrno.o(.text)
    _printf_int_common                       0x080003ad   Thumb Code   178  _printf_intcommon.o(.text)
    _printf_char_common                      0x0800046b   Thumb Code    32  _printf_char_common.o(.text)
    _sputc                                   0x08000491   Thumb Code    10  _sputc.o(.text)
    __aeabi_errno_addr                       0x0800049d   Thumb Code     8  rt_errno_addr_intlibspace.o(.text)
    __errno$intlibspace                      0x0800049d   Thumb Code     0  rt_errno_addr_intlibspace.o(.text)
    __rt_errno_addr$intlibspace              0x0800049d   Thumb Code     0  rt_errno_addr_intlibspace.o(.text)
    __user_libspace                          0x080004a5   Thumb Code     8  libspace.o(.text)
    __user_perproc_libspace                  0x080004a5   Thumb Code     0  libspace.o(.text)
    __user_perthread_libspace                0x080004a5   Thumb Code     0  libspace.o(.text)
    __user_setup_stackheap                   0x080004ad   Thumb Code    74  sys_stackheap_outer.o(.text)
    exit                                     0x080004f7   Thumb Code    18  exit.o(.text)
    Absorb                                   0x08000509   Thumb Code    78  main.o(i.Absorb)
    BusFault_Handler                         0x08000569   Thumb Code     4  stm32f1xx_it.o(i.BusFault_Handler)
    DebugMon_Handler                         0x0800056d   Thumb Code     2  stm32f1xx_it.o(i.DebugMon_Handler)
    HAL_GPIO_Init                            0x08000571   Thumb Code   766  stm32f1xx_hal_gpio.o(i.HAL_GPIO_Init)
    HAL_GPIO_ReadPin                         0x08000891   Thumb Code    16  stm32f1xx_hal_gpio.o(i.HAL_GPIO_ReadPin)
    HAL_GPIO_WritePin                        0x080008a1   Thumb Code    12  stm32f1xx_hal_gpio.o(i.HAL_GPIO_WritePin)
    HAL_GetTick                              0x080008ad   Thumb Code     6  stm32f1xx_hal.o(i.HAL_GetTick)
    HAL_Init                                 0x080008b9   Thumb Code    34  stm32f1xx_hal.o(i.HAL_Init)
    HAL_InitTick                             0x080008e1   Thumb Code    64  stm32f1xx_hal.o(i.HAL_InitTick)
    HAL_MspInit                              0x0800092d   Thumb Code     2  stm32f1xx_hal.o(i.HAL_MspInit)
    HAL_NVIC_EnableIRQ                       0x0800092f   Thumb Code    32  stm32f1xx_hal_cortex.o(i.HAL_NVIC_EnableIRQ)
    HAL_NVIC_SetPriority                     0x0800094f   Thumb Code   124  stm32f1xx_hal_cortex.o(i.HAL_NVIC_SetPriority)
    HAL_NVIC_SetPriorityGrouping             0x080009cd   Thumb Code    32  stm32f1xx_hal_cortex.o(i.HAL_NVIC_SetPriorityGrouping)
    HAL_RCC_ClockConfig                      0x080009f5   Thumb Code   376  stm32f1xx_hal_rcc.o(i.HAL_RCC_ClockConfig)
    HAL_RCC_GetHCLKFreq                      0x08000b81   Thumb Code     6  stm32f1xx_hal_rcc.o(i.HAL_RCC_GetHCLKFreq)
    HAL_RCC_GetPCLK1Freq                     0x08000b8d   Thumb Code    22  stm32f1xx_hal_rcc.o(i.HAL_RCC_GetPCLK1Freq)
    HAL_RCC_GetPCLK2Freq                     0x08000bad   Thumb Code    22  stm32f1xx_hal_rcc.o(i.HAL_RCC_GetPCLK2Freq)
    HAL_RCC_GetSysClockFreq                  0x08000bcd   Thumb Code   116  stm32f1xx_hal_rcc.o(i.HAL_RCC_GetSysClockFreq)
    HAL_RCC_OscConfig                        0x08000c61   Thumb Code  1114  stm32f1xx_hal_rcc.o(i.HAL_RCC_OscConfig)
    HAL_SYSTICK_CLKSourceConfig              0x080010c5   Thumb Code    40  stm32f1xx_hal_cortex.o(i.HAL_SYSTICK_CLKSourceConfig)
    HAL_SYSTICK_Config                       0x080010ed   Thumb Code    52  stm32f1xx_hal_cortex.o(i.HAL_SYSTICK_Config)
    HAL_TIMEx_BreakCallback                  0x08001121   Thumb Code     2  stm32f1xx_hal_tim_ex.o(i.HAL_TIMEx_BreakCallback)
    HAL_TIMEx_CommutCallback                 0x08001123   Thumb Code     2  stm32f1xx_hal_tim_ex.o(i.HAL_TIMEx_CommutCallback)
    HAL_TIM_Base_Init                        0x08001125   Thumb Code   102  stm32f1xx_hal_tim.o(i.HAL_TIM_Base_Init)
    HAL_TIM_Base_MspInit                     0x0800118d   Thumb Code   118  btim.o(i.HAL_TIM_Base_MspInit)
    HAL_TIM_Base_Start                       0x08001211   Thumb Code    94  stm32f1xx_hal_tim.o(i.HAL_TIM_Base_Start)
    HAL_TIM_Base_Start_IT                    0x0800127d   Thumb Code   106  stm32f1xx_hal_tim.o(i.HAL_TIM_Base_Start_IT)
    HAL_TIM_IC_CaptureCallback               0x080012f5   Thumb Code     2  stm32f1xx_hal_tim.o(i.HAL_TIM_IC_CaptureCallback)
    HAL_TIM_IRQHandler                       0x080012f7   Thumb Code   406  stm32f1xx_hal_tim.o(i.HAL_TIM_IRQHandler)
    HAL_TIM_OC_ConfigChannel                 0x0800148d   Thumb Code   104  stm32f1xx_hal_tim.o(i.HAL_TIM_OC_ConfigChannel)
    HAL_TIM_OC_DelayElapsedCallback          0x080014f5   Thumb Code   414  stepper_tim.o(i.HAL_TIM_OC_DelayElapsedCallback)
    HAL_TIM_OC_Init                          0x080016cd   Thumb Code   102  stm32f1xx_hal_tim.o(i.HAL_TIM_OC_Init)
    HAL_TIM_OC_MspInit                       0x08001735   Thumb Code   180  stepper_tim.o(i.HAL_TIM_OC_MspInit)
    HAL_TIM_OC_Start_IT                      0x080017f5   Thumb Code   274  stm32f1xx_hal_tim.o(i.HAL_TIM_OC_Start_IT)
    HAL_TIM_OC_Stop_IT                       0x08001915   Thumb Code   228  stm32f1xx_hal_tim.o(i.HAL_TIM_OC_Stop_IT)
    HAL_TIM_PWM_PulseFinishedCallback        0x080019fd   Thumb Code     2  stm32f1xx_hal_tim.o(i.HAL_TIM_PWM_PulseFinishedCallback)
    HAL_TIM_PeriodElapsedCallback            0x08001a01   Thumb Code  2282  main.o(i.HAL_TIM_PeriodElapsedCallback)
    HAL_TIM_TriggerCallback                  0x08002315   Thumb Code     2  stm32f1xx_hal_tim.o(i.HAL_TIM_TriggerCallback)
    HAL_UART_Init                            0x08002317   Thumb Code   114  stm32f1xx_hal_uart.o(i.HAL_UART_Init)
    HAL_UART_MspInit                         0x08002389   Thumb Code   150  usart.o(i.HAL_UART_MspInit)
    HAL_UART_Receive                         0x0800242d   Thumb Code   216  stm32f1xx_hal_uart.o(i.HAL_UART_Receive)
    HardFault_Handler                        0x08002505   Thumb Code     4  stm32f1xx_it.o(i.HardFault_Handler)
    Laydown                                  0x08002509   Thumb Code    78  main.o(i.Laydown)
    MemManage_Handler                        0x08002569   Thumb Code     4  stm32f1xx_it.o(i.MemManage_Handler)
    NMI_Handler                              0x0800256d   Thumb Code     2  stm32f1xx_it.o(i.NMI_Handler)
    OLED_Clear                               0x0800256f   Thumb Code    62  oled.o(i.OLED_Clear)
    OLED_IIC_Start                           0x080025ad   Thumb Code    48  oled.o(i.OLED_IIC_Start)
    OLED_IIC_Stop                            0x080025e1   Thumb Code    36  oled.o(i.OLED_IIC_Stop)
    OLED_IIC_Wait_Ack                        0x08002609   Thumb Code    26  oled.o(i.OLED_IIC_Wait_Ack)
    OLED_Init                                0x08002629   Thumb Code   302  oled.o(i.OLED_Init)
    OLED_Set_Pos                             0x08002761   Thumb Code    40  oled.o(i.OLED_Set_Pos)
    OLED_ShowChar                            0x08002789   Thumb Code   154  oled.o(i.OLED_ShowChar)
    OLED_ShowString                          0x0800282d   Thumb Code    54  oled.o(i.OLED_ShowString)
    OLED_WR_Byte                             0x08002863   Thumb Code    24  oled.o(i.OLED_WR_Byte)
    OLED_Write_IIC_Byte                      0x0800287d   Thumb Code    96  oled.o(i.OLED_Write_IIC_Byte)
    OLED_Write_IIC_Command                   0x080028e1   Thumb Code    44  oled.o(i.OLED_Write_IIC_Command)
    OLED_Write_IIC_Data                      0x0800290d   Thumb Code    44  oled.o(i.OLED_Write_IIC_Data)
    ONE_black_1                              0x08002939   Thumb Code  1410  main.o(i.ONE_black_1)
    ONE_black_2                              0x08002ee5   Thumb Code  1412  main.o(i.ONE_black_2)
    ONE_black_3                              0x08003491   Thumb Code  1194  main.o(i.ONE_black_3)
    ONE_black_4                              0x08003955   Thumb Code   706  main.o(i.ONE_black_4)
    ONE_black_5                              0x08003c3d   Thumb Code   706  main.o(i.ONE_black_5)
    ONE_white_1                              0x08003f25   Thumb Code   752  main.o(i.ONE_white_1)
    ONE_white_2                              0x0800423d   Thumb Code   744  main.o(i.ONE_white_2)
    ONE_white_3                              0x08004551   Thumb Code   750  main.o(i.ONE_white_3)
    ONE_white_4                              0x08004869   Thumb Code   750  main.o(i.ONE_white_4)
    ONE_white_5                              0x08004b81   Thumb Code   758  main.o(i.ONE_white_5)
    Revolve_set1379                          0x08004ec9   Thumb Code   836  main.o(i.Revolve_set1379)
    Revolve_set2468                          0x08005241   Thumb Code   826  main.o(i.Revolve_set2468)
    SVC_Handler                              0x080055b1   Thumb Code     2  stm32f1xx_it.o(i.SVC_Handler)
    SystemInit                               0x080055b3   Thumb Code     2  system_stm32f1xx.o(i.SystemInit)
    TIM1_CC_IRQHandler                       0x080055b5   Thumb Code    10  stepper_tim.o(i.TIM1_CC_IRQHandler)
    TIM3_IRQHandler                          0x080055c5   Thumb Code    10  btim.o(i.TIM3_IRQHandler)
    TIM4_IRQHandler                          0x080055d5   Thumb Code    10  btim.o(i.TIM4_IRQHandler)
    TIM_Base_SetConfig                       0x080055e5   Thumb Code   104  stm32f1xx_hal_tim.o(i.TIM_Base_SetConfig)
    TIM_CCxChannelCmd                        0x08005659   Thumb Code    34  stm32f1xx_hal_tim.o(i.TIM_CCxChannelCmd)
    TIM_OC2_SetConfig                        0x080056dd   Thumb Code   100  stm32f1xx_hal_tim.o(i.TIM_OC2_SetConfig)
    UsageFault_Handler                       0x0800595d   Thumb Code     4  stm32f1xx_it.o(i.UsageFault_Handler)
    __ARM_fpclassify                         0x08005961   Thumb Code    40  fpclassify.o(i.__ARM_fpclassify)
    __ieee754_rem_pio2                       0x080059c1   Thumb Code   828  rred.o(i.__ieee754_rem_pio2)
    __kernel_cos                             0x08005d49   Thumb Code   230  cos_i.o(i.__kernel_cos)
    __kernel_poly                            0x08005e45   Thumb Code   170  poly.o(i.__kernel_poly)
    __kernel_sin                             0x08005ef1   Thumb Code   224  sin_i.o(i.__kernel_sin)
    __mathlib_dbl_infnan                     0x08005fdd   Thumb Code     6  dunder.o(i.__mathlib_dbl_infnan)
    __mathlib_dbl_invalid                    0x08005fe3   Thumb Code    12  dunder.o(i.__mathlib_dbl_invalid)
    __mathlib_dbl_underflow                  0x08005ff1   Thumb Code    10  dunder.o(i.__mathlib_dbl_underflow)
    _sys_exit                                0x08006001   Thumb Code     4  usart.o(i._sys_exit)
    atim_timx_oc_chy_init                    0x08006005   Thumb Code   124  stepper_tim.o(i.atim_timx_oc_chy_init)
    btim_tim3_int_init                       0x08006091   Thumb Code    34  btim.o(i.btim_tim3_int_init)
    btim_timx_int_init                       0x080060bd   Thumb Code    34  btim.o(i.btim_timx_int_init)
    checkwin                                 0x080060e9   Thumb Code   148  main.o(i.checkwin)
    cos                                      0x08006181   Thumb Code   148  cos.o(i.cos)
    delay_init                               0x0800621d   Thumb Code    34  delay.o(i.delay_init)
    delay_ms                                 0x08006245   Thumb Code    50  delay.o(i.delay_ms)
    delay_us                                 0x0800627d   Thumb Code    72  delay.o(i.delay_us)
    findBestMove                             0x080062c9   Thumb Code   104  main.o(i.findBestMove)
    isMovesLeft                              0x08006335   Thumb Code    26  main.o(i.isMovesLeft)
    key_init                                 0x08006351   Thumb Code   448  key.o(i.key_init)
    key_scan                                 0x08006521   Thumb Code   332  key.o(i.key_scan)
    led_init                                 0x0800667d   Thumb Code   102  led.o(i.led_init)
    main                                     0x080066ed   Thumb Code   852  main.o(i.main)
    minimax                                  0x08006b15   Thumb Code   170  main.o(i.minimax)
    motor1_set_angle                         0x08006bc5   Thumb Code    32  stepper_motor.o(i.motor1_set_angle)
    motor2_set_angle                         0x08006be9   Thumb Code    32  stepper_motor.o(i.motor2_set_angle)
    motor4_set_angle                         0x08006c0d   Thumb Code    32  stepper_motor.o(i.motor4_set_angle)
    set_angle                                0x08006c31   Thumb Code    68  main.o(i.set_angle)
    set_angle2                               0x08006c7d   Thumb Code    36  main.o(i.set_angle2)
    sin                                      0x08006ca5   Thumb Code   150  sin.o(i.sin)
    sqrt                                     0x08006d45   Thumb Code    76  sqrt.o(i.sqrt)
    stepper1_set_angle                       0x08006d91   Thumb Code    62  stepper_motor.o(i.stepper1_set_angle)
    stepper2_set_angle                       0x08006ddd   Thumb Code    62  stepper_motor.o(i.stepper2_set_angle)
    stepper4_set_angle                       0x08006e29   Thumb Code    62  stepper_motor.o(i.stepper4_set_angle)
    stepper_init                             0x08006e75   Thumb Code   296  stepper_motor.o(i.stepper_init)
    stepper_star                             0x08006fa5   Thumb Code   170  stepper_motor.o(i.stepper_star)
    stepper_stop                             0x0800705d   Thumb Code    54  stepper_motor.o(i.stepper_stop)
    sys_stm32_clock_init                     0x08007099   Thumb Code   102  sys.o(i.sys_stm32_clock_init)
    usart_init                               0x08007101   Thumb Code    34  usart.o(i.usart_init)
    __aeabi_d2f                              0x0800712d   Thumb Code     0  d2f.o(x$fpl$d2f)
    _d2f                                     0x0800712d   Thumb Code    98  d2f.o(x$fpl$d2f)
    __aeabi_dadd                             0x08007191   Thumb Code     0  daddsub_clz.o(x$fpl$dadd)
    _dadd                                    0x08007191   Thumb Code   332  daddsub_clz.o(x$fpl$dadd)
    __fpl_dcheck_NaN1                        0x080072e1   Thumb Code    10  dcheck1.o(x$fpl$dcheck1)
    __aeabi_ddiv                             0x080072f1   Thumb Code     0  ddiv.o(x$fpl$ddiv)
    _ddiv                                    0x080072f1   Thumb Code   552  ddiv.o(x$fpl$ddiv)
    __aeabi_d2iz                             0x080075a1   Thumb Code     0  dfix.o(x$fpl$dfix)
    _dfix                                    0x080075a1   Thumb Code    94  dfix.o(x$fpl$dfix)
    __aeabi_d2uiz                            0x08007601   Thumb Code     0  dfixu.o(x$fpl$dfixu)
    _dfixu                                   0x08007601   Thumb Code    90  dfixu.o(x$fpl$dfixu)
    __aeabi_i2d                              0x0800765b   Thumb Code     0  dflt_clz.o(x$fpl$dflt)
    _dflt                                    0x0800765b   Thumb Code    46  dflt_clz.o(x$fpl$dflt)
    __aeabi_ui2d                             0x08007689   Thumb Code     0  dflt_clz.o(x$fpl$dfltu)
    _dfltu                                   0x08007689   Thumb Code    38  dflt_clz.o(x$fpl$dfltu)
    __aeabi_dmul                             0x080076b1   Thumb Code     0  dmul.o(x$fpl$dmul)
    _dmul                                    0x080076b1   Thumb Code   332  dmul.o(x$fpl$dmul)
    __fpl_dnaninf                            0x08007805   Thumb Code   156  dnaninf.o(x$fpl$dnaninf)
    __fpl_dretinf                            0x080078a1   Thumb Code    12  dretinf.o(x$fpl$dretinf)
    __aeabi_drsub                            0x080078ad   Thumb Code     0  daddsub_clz.o(x$fpl$drsb)
    _drsb                                    0x080078ad   Thumb Code    22  daddsub_clz.o(x$fpl$drsb)
    _dsqrt                                   0x080078c5   Thumb Code   456  dsqrt_noumaal.o(x$fpl$dsqrt)
    __aeabi_dsub                             0x08007a91   Thumb Code     0  daddsub_clz.o(x$fpl$dsub)
    _dsub                                    0x08007a91   Thumb Code   464  daddsub_clz.o(x$fpl$dsub)
    __aeabi_f2d                              0x08007c65   Thumb Code     0  f2d.o(x$fpl$f2d)
    _f2d                                     0x08007c65   Thumb Code    86  f2d.o(x$fpl$f2d)
    __aeabi_fadd                             0x08007cbd   Thumb Code     0  faddsub_clz.o(x$fpl$fadd)
    _fadd                                    0x08007cbd   Thumb Code   196  faddsub_clz.o(x$fpl$fadd)
    __fpl_fcmp_Inf                           0x08007d81   Thumb Code    24  fcmpi.o(x$fpl$fcmpinf)
    __aeabi_fdiv                             0x08007d99   Thumb Code     0  fdiv.o(x$fpl$fdiv)
    _fdiv                                    0x08007d99   Thumb Code   384  fdiv.o(x$fpl$fdiv)
    __aeabi_f2iz                             0x08007f1d   Thumb Code     0  ffix.o(x$fpl$ffix)
    _ffix                                    0x08007f1d   Thumb Code    54  ffix.o(x$fpl$ffix)
    __aeabi_i2f                              0x08007f55   Thumb Code     0  fflt_clz.o(x$fpl$fflt)
    _fflt                                    0x08007f55   Thumb Code    48  fflt_clz.o(x$fpl$fflt)
    __aeabi_cfcmple                          0x08007f85   Thumb Code     0  fleqf.o(x$fpl$fleqf)
    _fcmple                                  0x08007f85   Thumb Code   104  fleqf.o(x$fpl$fleqf)
    __fpl_fcmple_InfNaN                      0x08007fd7   Thumb Code     0  fleqf.o(x$fpl$fleqf)
    __fpl_fnaninf                            0x08007fed   Thumb Code   140  fnaninf.o(x$fpl$fnaninf)
    __fpl_fretinf                            0x08008079   Thumb Code    10  fretinf.o(x$fpl$fretinf)
    __aeabi_cfrcmple                         0x08008083   Thumb Code     0  frleqf.o(x$fpl$frleqf)
    _frcmple                                 0x08008083   Thumb Code    98  frleqf.o(x$fpl$frleqf)
    __aeabi_fsub                             0x080080e5   Thumb Code     0  faddsub_clz.o(x$fpl$fsub)
    _fsub                                    0x080080e5   Thumb Code   234  faddsub_clz.o(x$fpl$fsub)
    __fpl_return_NaN                         0x080081cf   Thumb Code   100  retnan.o(x$fpl$retnan)
    __ARM_scalbn                             0x08008233   Thumb Code    92  scalbn.o(x$fpl$scalbn)
    __fpl_cmpreturn                          0x0800828f   Thumb Code    48  trapv.o(x$fpl$trapveneer)
    __I$use$fp                               0x080082be   Number         0  usenofp.o(x$fpl$usenofp)
    AHBPrescTable                            0x08008320   Data          16  system_stm32f1xx.o(.constdata)
    APBPrescTable                            0x08008330   Data           8  system_stm32f1xx.o(.constdata)
    F6x8                                     0x08008338   Data         552  oled.o(.constdata)
    F8X16                                    0x08008560   Data        1520  oled.o(.constdata)
    Region$$Table$$Base                      0x08008c70   Number         0  anon$$obj.o(Region$$Table)
    Region$$Table$$Limit                     0x08008c90   Number         0  anon$$obj.o(Region$$Table)
    color                                    0x20000000   Data           1  main.o(.data)
    num                                      0x20000001   Data           1  main.o(.data)
    position                                 0x20000002   Data           1  main.o(.data)
    start                                    0x20000003   Data           1  main.o(.data)
    tt                                       0x20000004   Data           1  main.o(.data)
    one_flag                                 0x20000005   Data           1  main.o(.data)
    flag                                     0x20000006   Data           1  main.o(.data)
    start_time                               0x20000008   Data           4  main.o(.data)
    flag_3                                   0x2000000c   Data           1  main.o(.data)
    JIAO                                     0x20000010   Data           4  main.o(.data)
    JIAO1                                    0x20000014   Data           4  main.o(.data)
    A_mm                                     0x20000018   Data           4  main.o(.data)
    X_mm                                     0x2000001c   Data           4  main.o(.data)
    Y_mm                                     0x20000020   Data           4  main.o(.data)
    usart_rx_flag                            0x20000024   Data           1  main.o(.data)
    jiaodu                                   0x20000025   Data           1  main.o(.data)
    si_flag                                  0x20000026   Data           1  main.o(.data)
    one_logo                                 0x20000027   Data           1  main.o(.data)
    SystemCoreClock                          0x20000028   Data           4  system_stm32f1xx.o(.data)
    uwTick                                   0x20000030   Data           4  stm32f1xx_hal.o(.data)
    uwTickPrio                               0x20000034   Data           4  stm32f1xx_hal.o(.data)
    uwTickFreq                               0x20000038   Data           1  stm32f1xx_hal.o(.data)
    g_count_val1                             0x2000003c   Data           4  stepper_tim.o(.data)
    g_count_val2                             0x20000040   Data           4  stepper_tim.o(.data)
    g_count_val4                             0x20000044   Data           4  stepper_tim.o(.data)
    g_ccr_val                                0x20000048   Data           4  stepper_tim.o(.data)
    g_run_flag1                              0x2000004c   Data           1  stepper_tim.o(.data)
    g_run_flag2                              0x2000004d   Data           1  stepper_tim.o(.data)
    g_run_flag4                              0x2000004e   Data           1  stepper_tim.o(.data)
    i1                                       0x2000004f   Data           1  stepper_tim.o(.data)
    i2                                       0x20000050   Data           1  stepper_tim.o(.data)
    i4                                       0x20000051   Data           1  stepper_tim.o(.data)
    display_buf                              0x20000054   Data          20  main.o(.bss)
    a                                        0x20000068   Data          48  main.o(.bss)
    rx_buffer                                0x20000098   Data          14  main.o(.bss)
    si_rx_buffer                             0x200000a6   Data          14  main.o(.bss)
    board                                    0x200000b4   Data          36  main.o(.bss)
    board2                                   0x200000d8   Data          36  main.o(.bss)
    g_uart1_handle                           0x200000fc   Data          64  usart.o(.bss)
    g_stepper1                               0x2000013c   Data          16  stepper_motor.o(.bss)
    g_stepper2                               0x2000014c   Data          16  stepper_motor.o(.bss)
    g_stepper4                               0x2000015c   Data          16  stepper_motor.o(.bss)
    g_atimx_handle                           0x2000016c   Data          72  stepper_tim.o(.bss)
    g_atimx_oc_chy_handle                    0x200001b4   Data          28  stepper_tim.o(.bss)
    g_timx_handle                            0x200001d0   Data          72  btim.o(.bss)
    g_tim3_handle                            0x20000218   Data          72  btim.o(.bss)
    __libspace_start                         0x20000260   Data          96  libspace.o(.bss)
    __temporary_stack_top$libspace           0x200002c0   Data           0  libspace.o(.bss)



==============================================================================

Memory Map of the image

  Image Entry point : 0x080000ed

  Load Region LR_IROM1 (Base: 0x08000000, Size: 0x00008ce4, Max: 0x00010000, ABSOLUTE)

    Execution Region ER_IROM1 (Exec base: 0x08000000, Load base: 0x08000000, Size: 0x00008c90, Max: 0x00010000, ABSOLUTE)

    Exec Addr    Load Addr    Size         Type   Attr      Idx    E Section Name        Object

    0x08000000   0x08000000   0x000000ec   Data   RO            3    RESET               startup_stm32f103xb.o
    0x080000ec   0x080000ec   0x00000008   Code   RO         3921  * !!!main             c_w.l(__main.o)
    0x080000f4   0x080000f4   0x00000034   Code   RO         4224    !!!scatter          c_w.l(__scatter.o)
    0x08000128   0x08000128   0x0000001a   Code   RO         4226    !!handler_copy      c_w.l(__scatter_copy.o)
    0x08000142   0x08000142   0x00000002   PAD
    0x08000144   0x08000144   0x0000001c   Code   RO         4228    !!handler_zi        c_w.l(__scatter_zi.o)
    0x08000160   0x08000160   0x00000000   Code   RO         3914    .ARM.Collect$$_printf_percent$$00000000  c_w.l(_printf_percent.o)
    0x08000160   0x08000160   0x00000006   Code   RO         3913    .ARM.Collect$$_printf_percent$$00000009  c_w.l(_printf_d.o)
    0x08000166   0x08000166   0x00000004   Code   RO         4014    .ARM.Collect$$_printf_percent$$00000017  c_w.l(_printf_percent_end.o)
    0x0800016a   0x0800016a   0x00000002   Code   RO         4098    .ARM.Collect$$libinit$$00000000  c_w.l(libinit.o)
    0x0800016c   0x0800016c   0x00000000   Code   RO         4104    .ARM.Collect$$libinit$$00000002  c_w.l(libinit2.o)
    0x0800016c   0x0800016c   0x00000000   Code   RO         4106    .ARM.Collect$$libinit$$00000004  c_w.l(libinit2.o)
    0x0800016c   0x0800016c   0x00000000   Code   RO         4109    .ARM.Collect$$libinit$$0000000A  c_w.l(libinit2.o)
    0x0800016c   0x0800016c   0x00000000   Code   RO         4111    .ARM.Collect$$libinit$$0000000C  c_w.l(libinit2.o)
    0x0800016c   0x0800016c   0x00000000   Code   RO         4113    .ARM.Collect$$libinit$$0000000E  c_w.l(libinit2.o)
    0x0800016c   0x0800016c   0x00000000   Code   RO         4116    .ARM.Collect$$libinit$$00000011  c_w.l(libinit2.o)
    0x0800016c   0x0800016c   0x00000000   Code   RO         4118    .ARM.Collect$$libinit$$00000013  c_w.l(libinit2.o)
    0x0800016c   0x0800016c   0x00000000   Code   RO         4120    .ARM.Collect$$libinit$$00000015  c_w.l(libinit2.o)
    0x0800016c   0x0800016c   0x00000000   Code   RO         4122    .ARM.Collect$$libinit$$00000017  c_w.l(libinit2.o)
    0x0800016c   0x0800016c   0x00000000   Code   RO         4124    .ARM.Collect$$libinit$$00000019  c_w.l(libinit2.o)
    0x0800016c   0x0800016c   0x00000000   Code   RO         4126    .ARM.Collect$$libinit$$0000001B  c_w.l(libinit2.o)
    0x0800016c   0x0800016c   0x00000000   Code   RO         4128    .ARM.Collect$$libinit$$0000001D  c_w.l(libinit2.o)
    0x0800016c   0x0800016c   0x00000000   Code   RO         4130    .ARM.Collect$$libinit$$0000001F  c_w.l(libinit2.o)
    0x0800016c   0x0800016c   0x00000000   Code   RO         4132    .ARM.Collect$$libinit$$00000021  c_w.l(libinit2.o)
    0x0800016c   0x0800016c   0x00000000   Code   RO         4134    .ARM.Collect$$libinit$$00000023  c_w.l(libinit2.o)
    0x0800016c   0x0800016c   0x00000000   Code   RO         4136    .ARM.Collect$$libinit$$00000025  c_w.l(libinit2.o)
    0x0800016c   0x0800016c   0x00000000   Code   RO         4140    .ARM.Collect$$libinit$$0000002C  c_w.l(libinit2.o)
    0x0800016c   0x0800016c   0x00000000   Code   RO         4142    .ARM.Collect$$libinit$$0000002E  c_w.l(libinit2.o)
    0x0800016c   0x0800016c   0x00000000   Code   RO         4144    .ARM.Collect$$libinit$$00000030  c_w.l(libinit2.o)
    0x0800016c   0x0800016c   0x00000000   Code   RO         4146    .ARM.Collect$$libinit$$00000032  c_w.l(libinit2.o)
    0x0800016c   0x0800016c   0x00000002   Code   RO         4147    .ARM.Collect$$libinit$$00000033  c_w.l(libinit2.o)
    0x0800016e   0x0800016e   0x00000002   Code   RO         4169    .ARM.Collect$$libshutdown$$00000000  c_w.l(libshutdown.o)
    0x08000170   0x08000170   0x00000000   Code   RO         4177    .ARM.Collect$$libshutdown$$00000002  c_w.l(libshutdown2.o)
    0x08000170   0x08000170   0x00000000   Code   RO         4179    .ARM.Collect$$libshutdown$$00000004  c_w.l(libshutdown2.o)
    0x08000170   0x08000170   0x00000000   Code   RO         4181    .ARM.Collect$$libshutdown$$00000006  c_w.l(libshutdown2.o)
    0x08000170   0x08000170   0x00000000   Code   RO         4184    .ARM.Collect$$libshutdown$$00000009  c_w.l(libshutdown2.o)
    0x08000170   0x08000170   0x00000000   Code   RO         4187    .ARM.Collect$$libshutdown$$0000000C  c_w.l(libshutdown2.o)
    0x08000170   0x08000170   0x00000000   Code   RO         4189    .ARM.Collect$$libshutdown$$0000000E  c_w.l(libshutdown2.o)
    0x08000170   0x08000170   0x00000000   Code   RO         4192    .ARM.Collect$$libshutdown$$00000011  c_w.l(libshutdown2.o)
    0x08000170   0x08000170   0x00000002   Code   RO         4193    .ARM.Collect$$libshutdown$$00000012  c_w.l(libshutdown2.o)
    0x08000172   0x08000172   0x00000000   Code   RO         4005    .ARM.Collect$$rtentry$$00000000  c_w.l(__rtentry.o)
    0x08000172   0x08000172   0x00000000   Code   RO         4059    .ARM.Collect$$rtentry$$00000002  c_w.l(__rtentry2.o)
    0x08000172   0x08000172   0x00000006   Code   RO         4071    .ARM.Collect$$rtentry$$00000004  c_w.l(__rtentry4.o)
    0x08000178   0x08000178   0x00000000   Code   RO         4061    .ARM.Collect$$rtentry$$00000009  c_w.l(__rtentry2.o)
    0x08000178   0x08000178   0x00000004   Code   RO         4062    .ARM.Collect$$rtentry$$0000000A  c_w.l(__rtentry2.o)
    0x0800017c   0x0800017c   0x00000000   Code   RO         4064    .ARM.Collect$$rtentry$$0000000C  c_w.l(__rtentry2.o)
    0x0800017c   0x0800017c   0x00000008   Code   RO         4065    .ARM.Collect$$rtentry$$0000000D  c_w.l(__rtentry2.o)
    0x08000184   0x08000184   0x00000002   Code   RO         4101    .ARM.Collect$$rtexit$$00000000  c_w.l(rtexit.o)
    0x08000186   0x08000186   0x00000000   Code   RO         4151    .ARM.Collect$$rtexit$$00000002  c_w.l(rtexit2.o)
    0x08000186   0x08000186   0x00000004   Code   RO         4152    .ARM.Collect$$rtexit$$00000003  c_w.l(rtexit2.o)
    0x0800018a   0x0800018a   0x00000006   Code   RO         4153    .ARM.Collect$$rtexit$$00000004  c_w.l(rtexit2.o)
    0x08000190   0x08000190   0x00000040   Code   RO            4    .text               startup_stm32f103xb.o
    0x080001d0   0x080001d0   0x00000002   Code   RO         3883    .text               c_w.l(use_no_semi_2.o)
    0x080001d2   0x080001d2   0x00000002   PAD
    0x080001d4   0x080001d4   0x00000028   Code   RO         3887    .text               c_w.l(noretval__2sprintf.o)
    0x080001fc   0x080001fc   0x00000068   Code   RO         3889    .text               c_w.l(__printf.o)
    0x08000264   0x08000264   0x00000078   Code   RO         3891    .text               c_w.l(_printf_dec.o)
    0x080002dc   0x080002dc   0x00000064   Code   RO         3915    .text               c_w.l(rt_memcpy_w.o)
    0x08000340   0x08000340   0x0000004e   Code   RO         3917    .text               c_w.l(rt_memclr_w.o)
    0x0800038e   0x0800038e   0x00000006   Code   RO         3919    .text               c_w.l(heapauxi.o)
    0x08000394   0x08000394   0x00000002   Code   RO         4003    .text               c_w.l(use_no_semi.o)
    0x08000396   0x08000396   0x00000016   Code   RO         4006    .text               c_w.l(_rserrno.o)
    0x080003ac   0x080003ac   0x000000b2   Code   RO         4008    .text               c_w.l(_printf_intcommon.o)
    0x0800045e   0x0800045e   0x00000002   PAD
    0x08000460   0x08000460   0x00000030   Code   RO         4010    .text               c_w.l(_printf_char_common.o)
    0x08000490   0x08000490   0x0000000a   Code   RO         4012    .text               c_w.l(_sputc.o)
    0x0800049a   0x0800049a   0x00000002   PAD
    0x0800049c   0x0800049c   0x00000008   Code   RO         4076    .text               c_w.l(rt_errno_addr_intlibspace.o)
    0x080004a4   0x080004a4   0x00000008   Code   RO         4086    .text               c_w.l(libspace.o)
    0x080004ac   0x080004ac   0x0000004a   Code   RO         4089    .text               c_w.l(sys_stackheap_outer.o)
    0x080004f6   0x080004f6   0x00000012   Code   RO         4091    .text               c_w.l(exit.o)
    0x08000508   0x08000508   0x00000060   Code   RO           13    i.Absorb            main.o
    0x08000568   0x08000568   0x00000004   Code   RO          413    i.BusFault_Handler  stm32f1xx_it.o
    0x0800056c   0x0800056c   0x00000002   Code   RO          414    i.DebugMon_Handler  stm32f1xx_it.o
    0x0800056e   0x0800056e   0x00000002   PAD
    0x08000570   0x08000570   0x00000320   Code   RO         1150    i.HAL_GPIO_Init     stm32f1xx_hal_gpio.o
    0x08000890   0x08000890   0x00000010   Code   RO         1152    i.HAL_GPIO_ReadPin  stm32f1xx_hal_gpio.o
    0x080008a0   0x080008a0   0x0000000c   Code   RO         1154    i.HAL_GPIO_WritePin  stm32f1xx_hal_gpio.o
    0x080008ac   0x080008ac   0x0000000c   Code   RO          767    i.HAL_GetTick       stm32f1xx_hal.o
    0x080008b8   0x080008b8   0x00000028   Code   RO          774    i.HAL_Init          stm32f1xx_hal.o
    0x080008e0   0x080008e0   0x0000004c   Code   RO          775    i.HAL_InitTick      stm32f1xx_hal.o
    0x0800092c   0x0800092c   0x00000002   Code   RO          777    i.HAL_MspInit       stm32f1xx_hal.o
    0x0800092e   0x0800092e   0x00000020   Code   RO          932    i.HAL_NVIC_EnableIRQ  stm32f1xx_hal_cortex.o
    0x0800094e   0x0800094e   0x0000007c   Code   RO          938    i.HAL_NVIC_SetPriority  stm32f1xx_hal_cortex.o
    0x080009ca   0x080009ca   0x00000002   PAD
    0x080009cc   0x080009cc   0x00000028   Code   RO          939    i.HAL_NVIC_SetPriorityGrouping  stm32f1xx_hal_cortex.o
    0x080009f4   0x080009f4   0x0000018c   Code   RO         1250    i.HAL_RCC_ClockConfig  stm32f1xx_hal_rcc.o
    0x08000b80   0x08000b80   0x0000000c   Code   RO         1255    i.HAL_RCC_GetHCLKFreq  stm32f1xx_hal_rcc.o
    0x08000b8c   0x08000b8c   0x00000020   Code   RO         1257    i.HAL_RCC_GetPCLK1Freq  stm32f1xx_hal_rcc.o
    0x08000bac   0x08000bac   0x00000020   Code   RO         1258    i.HAL_RCC_GetPCLK2Freq  stm32f1xx_hal_rcc.o
    0x08000bcc   0x08000bcc   0x00000094   Code   RO         1259    i.HAL_RCC_GetSysClockFreq  stm32f1xx_hal_rcc.o
    0x08000c60   0x08000c60   0x00000464   Code   RO         1262    i.HAL_RCC_OscConfig  stm32f1xx_hal_rcc.o
    0x080010c4   0x080010c4   0x00000028   Code   RO          941    i.HAL_SYSTICK_CLKSourceConfig  stm32f1xx_hal_cortex.o
    0x080010ec   0x080010ec   0x00000034   Code   RO          943    i.HAL_SYSTICK_Config  stm32f1xx_hal_cortex.o
    0x08001120   0x08001120   0x00000002   Code   RO         2706    i.HAL_TIMEx_BreakCallback  stm32f1xx_hal_tim_ex.o
    0x08001122   0x08001122   0x00000002   Code   RO         2707    i.HAL_TIMEx_CommutCallback  stm32f1xx_hal_tim_ex.o
    0x08001124   0x08001124   0x00000066   Code   RO         1991    i.HAL_TIM_Base_Init  stm32f1xx_hal_tim.o
    0x0800118a   0x0800118a   0x00000002   PAD
    0x0800118c   0x0800118c   0x00000084   Code   RO         3833    i.HAL_TIM_Base_MspInit  btim.o
    0x08001210   0x08001210   0x0000006c   Code   RO         1994    i.HAL_TIM_Base_Start  stm32f1xx_hal_tim.o
    0x0800127c   0x0800127c   0x00000078   Code   RO         1996    i.HAL_TIM_Base_Start_IT  stm32f1xx_hal_tim.o
    0x080012f4   0x080012f4   0x00000002   Code   RO         2025    i.HAL_TIM_IC_CaptureCallback  stm32f1xx_hal_tim.o
    0x080012f6   0x080012f6   0x00000196   Code   RO         2039    i.HAL_TIM_IRQHandler  stm32f1xx_hal_tim.o
    0x0800148c   0x0800148c   0x00000068   Code   RO         2040    i.HAL_TIM_OC_ConfigChannel  stm32f1xx_hal_tim.o
    0x080014f4   0x080014f4   0x000001d8   Code   RO         3578    i.HAL_TIM_OC_DelayElapsedCallback  stepper_tim.o
    0x080016cc   0x080016cc   0x00000066   Code   RO         2044    i.HAL_TIM_OC_Init   stm32f1xx_hal_tim.o
    0x08001732   0x08001732   0x00000002   PAD
    0x08001734   0x08001734   0x000000c0   Code   RO         3579    i.HAL_TIM_OC_MspInit  stepper_tim.o
    0x080017f4   0x080017f4   0x00000120   Code   RO         2049    i.HAL_TIM_OC_Start_IT  stm32f1xx_hal_tim.o
    0x08001914   0x08001914   0x000000e8   Code   RO         2052    i.HAL_TIM_OC_Stop_IT  stm32f1xx_hal_tim.o
    0x080019fc   0x080019fc   0x00000002   Code   RO         2069    i.HAL_TIM_PWM_PulseFinishedCallback  stm32f1xx_hal_tim.o
    0x080019fe   0x080019fe   0x00000002   PAD
    0x08001a00   0x08001a00   0x00000914   Code   RO           14    i.HAL_TIM_PeriodElapsedCallback  main.o
    0x08002314   0x08002314   0x00000002   Code   RO         2082    i.HAL_TIM_TriggerCallback  stm32f1xx_hal_tim.o
    0x08002316   0x08002316   0x00000072   Code   RO         1417    i.HAL_UART_Init     stm32f1xx_hal_uart.o
    0x08002388   0x08002388   0x000000a4   Code   RO          691    i.HAL_UART_MspInit  usart.o
    0x0800242c   0x0800242c   0x000000d8   Code   RO         1420    i.HAL_UART_Receive  stm32f1xx_hal_uart.o
    0x08002504   0x08002504   0x00000004   Code   RO          415    i.HardFault_Handler  stm32f1xx_it.o
    0x08002508   0x08002508   0x00000060   Code   RO           15    i.Laydown           main.o
    0x08002568   0x08002568   0x00000004   Code   RO          416    i.MemManage_Handler  stm32f1xx_it.o
    0x0800256c   0x0800256c   0x00000002   Code   RO          417    i.NMI_Handler       stm32f1xx_it.o
    0x0800256e   0x0800256e   0x0000003e   Code   RO         3630    i.OLED_Clear        oled.o
    0x080025ac   0x080025ac   0x00000034   Code   RO         3636    i.OLED_IIC_Start    oled.o
    0x080025e0   0x080025e0   0x00000028   Code   RO         3637    i.OLED_IIC_Stop     oled.o
    0x08002608   0x08002608   0x00000020   Code   RO         3638    i.OLED_IIC_Wait_Ack  oled.o
    0x08002628   0x08002628   0x00000138   Code   RO         3639    i.OLED_Init         oled.o
    0x08002760   0x08002760   0x00000028   Code   RO         3646    i.OLED_Set_Pos      oled.o
    0x08002788   0x08002788   0x000000a4   Code   RO         3648    i.OLED_ShowChar     oled.o
    0x0800282c   0x0800282c   0x00000036   Code   RO         3650    i.OLED_ShowString   oled.o
    0x08002862   0x08002862   0x00000018   Code   RO         3651    i.OLED_WR_Byte      oled.o
    0x0800287a   0x0800287a   0x00000002   PAD
    0x0800287c   0x0800287c   0x00000064   Code   RO         3652    i.OLED_Write_IIC_Byte  oled.o
    0x080028e0   0x080028e0   0x0000002c   Code   RO         3653    i.OLED_Write_IIC_Command  oled.o
    0x0800290c   0x0800290c   0x0000002c   Code   RO         3654    i.OLED_Write_IIC_Data  oled.o
    0x08002938   0x08002938   0x000005ac   Code   RO           16    i.ONE_black_1       main.o
    0x08002ee4   0x08002ee4   0x000005ac   Code   RO           17    i.ONE_black_2       main.o
    0x08003490   0x08003490   0x000004c4   Code   RO           18    i.ONE_black_3       main.o
    0x08003954   0x08003954   0x000002e8   Code   RO           19    i.ONE_black_4       main.o
    0x08003c3c   0x08003c3c   0x000002e8   Code   RO           20    i.ONE_black_5       main.o
    0x08003f24   0x08003f24   0x00000318   Code   RO           21    i.ONE_white_1       main.o
    0x0800423c   0x0800423c   0x00000314   Code   RO           22    i.ONE_white_2       main.o
    0x08004550   0x08004550   0x00000318   Code   RO           23    i.ONE_white_3       main.o
    0x08004868   0x08004868   0x00000318   Code   RO           24    i.ONE_white_4       main.o
    0x08004b80   0x08004b80   0x00000320   Code   RO           25    i.ONE_white_5       main.o
    0x08004ea0   0x08004ea0   0x00000028   Code   RO         1263    i.RCC_Delay         stm32f1xx_hal_rcc.o
    0x08004ec8   0x08004ec8   0x00000378   Code   RO           26    i.Revolve_set1379   main.o
    0x08005240   0x08005240   0x00000370   Code   RO           27    i.Revolve_set2468   main.o
    0x080055b0   0x080055b0   0x00000002   Code   RO          418    i.SVC_Handler       stm32f1xx_it.o
    0x080055b2   0x080055b2   0x00000002   Code   RO          377    i.SystemInit        system_stm32f1xx.o
    0x080055b4   0x080055b4   0x00000010   Code   RO         3580    i.TIM1_CC_IRQHandler  stepper_tim.o
    0x080055c4   0x080055c4   0x00000010   Code   RO         3834    i.TIM3_IRQHandler   btim.o
    0x080055d4   0x080055d4   0x00000010   Code   RO         3835    i.TIM4_IRQHandler   btim.o
    0x080055e4   0x080055e4   0x00000074   Code   RO         2084    i.TIM_Base_SetConfig  stm32f1xx_hal_tim.o
    0x08005658   0x08005658   0x00000022   Code   RO         2085    i.TIM_CCxChannelCmd  stm32f1xx_hal_tim.o
    0x0800567a   0x0800567a   0x00000002   PAD
    0x0800567c   0x0800567c   0x00000060   Code   RO         2097    i.TIM_OC1_SetConfig  stm32f1xx_hal_tim.o
    0x080056dc   0x080056dc   0x00000068   Code   RO         2098    i.TIM_OC2_SetConfig  stm32f1xx_hal_tim.o
    0x08005744   0x08005744   0x00000068   Code   RO         2099    i.TIM_OC3_SetConfig  stm32f1xx_hal_tim.o
    0x080057ac   0x080057ac   0x00000048   Code   RO         2100    i.TIM_OC4_SetConfig  stm32f1xx_hal_tim.o
    0x080057f4   0x080057f4   0x000000fc   Code   RO         1444    i.UART_SetConfig    stm32f1xx_hal_uart.o
    0x080058f0   0x080058f0   0x0000006c   Code   RO         1446    i.UART_WaitOnFlagUntilTimeout  stm32f1xx_hal_uart.o
    0x0800595c   0x0800595c   0x00000004   Code   RO          419    i.UsageFault_Handler  stm32f1xx_it.o
    0x08005960   0x08005960   0x00000028   Code   RO         4082    i.__ARM_fpclassify  m_ws.l(fpclassify.o)
    0x08005988   0x08005988   0x00000010   Code   RO          945    i.__NVIC_GetPriorityGrouping  stm32f1xx_hal_cortex.o
    0x08005998   0x08005998   0x00000028   Code   RO          946    i.__NVIC_SetPriority  stm32f1xx_hal_cortex.o
    0x080059c0   0x080059c0   0x00000388   Code   RO         4047    i.__ieee754_rem_pio2  m_ws.l(rred.o)
    0x08005d48   0x08005d48   0x000000fc   Code   RO         4030    i.__kernel_cos      m_ws.l(cos_i.o)
    0x08005e44   0x08005e44   0x000000aa   Code   RO         4084    i.__kernel_poly     m_ws.l(poly.o)
    0x08005eee   0x08005eee   0x00000002   PAD
    0x08005ef0   0x08005ef0   0x000000ec   Code   RO         4052    i.__kernel_sin      m_ws.l(sin_i.o)
    0x08005fdc   0x08005fdc   0x00000006   Code   RO         4034    i.__mathlib_dbl_infnan  m_ws.l(dunder.o)
    0x08005fe2   0x08005fe2   0x0000000c   Code   RO         4036    i.__mathlib_dbl_invalid  m_ws.l(dunder.o)
    0x08005fee   0x08005fee   0x00000002   PAD
    0x08005ff0   0x08005ff0   0x00000010   Code   RO         4039    i.__mathlib_dbl_underflow  m_ws.l(dunder.o)
    0x08006000   0x08006000   0x00000004   Code   RO          693    i._sys_exit         usart.o
    0x08006004   0x08006004   0x0000008c   Code   RO         3581    i.atim_timx_oc_chy_init  stepper_tim.o
    0x08006090   0x08006090   0x0000002c   Code   RO         3836    i.btim_tim3_int_init  btim.o
    0x080060bc   0x080060bc   0x0000002c   Code   RO         3837    i.btim_timx_int_init  btim.o
    0x080060e8   0x080060e8   0x00000098   Code   RO           28    i.checkwin          main.o
    0x08006180   0x08006180   0x0000009c   Code   RO         3980    i.cos               m_ws.l(cos.o)
    0x0800621c   0x0800621c   0x00000028   Code   RO          575    i.delay_init        delay.o
    0x08006244   0x08006244   0x00000038   Code   RO          576    i.delay_ms          delay.o
    0x0800627c   0x0800627c   0x0000004c   Code   RO          577    i.delay_us          delay.o
    0x080062c8   0x080062c8   0x0000006c   Code   RO           29    i.findBestMove      main.o
    0x08006334   0x08006334   0x0000001a   Code   RO           30    i.isMovesLeft       main.o
    0x0800634e   0x0800634e   0x00000002   PAD
    0x08006350   0x08006350   0x000001d0   Code   RO         3469    i.key_init          key.o
    0x08006520   0x08006520   0x0000015c   Code   RO         3470    i.key_scan          key.o
    0x0800667c   0x0800667c   0x00000070   Code   RO         3445    i.led_init          led.o
    0x080066ec   0x080066ec   0x00000428   Code   RO           31    i.main              main.o
    0x08006b14   0x08006b14   0x000000b0   Code   RO           32    i.minimax           main.o
    0x08006bc4   0x08006bc4   0x00000024   Code   RO         3500    i.motor1_set_angle  stepper_motor.o
    0x08006be8   0x08006be8   0x00000024   Code   RO         3501    i.motor2_set_angle  stepper_motor.o
    0x08006c0c   0x08006c0c   0x00000024   Code   RO         3502    i.motor4_set_angle  stepper_motor.o
    0x08006c30   0x08006c30   0x0000004c   Code   RO           33    i.set_angle         main.o
    0x08006c7c   0x08006c7c   0x00000028   Code   RO           34    i.set_angle2        main.o
    0x08006ca4   0x08006ca4   0x000000a0   Code   RO         3988    i.sin               m_ws.l(sin.o)
    0x08006d44   0x08006d44   0x0000004c   Code   RO         3996    i.sqrt              m_ws.l(sqrt.o)
    0x08006d90   0x08006d90   0x0000004c   Code   RO         3503    i.stepper1_set_angle  stepper_motor.o
    0x08006ddc   0x08006ddc   0x0000004c   Code   RO         3504    i.stepper2_set_angle  stepper_motor.o
    0x08006e28   0x08006e28   0x0000004c   Code   RO         3505    i.stepper4_set_angle  stepper_motor.o
    0x08006e74   0x08006e74   0x00000130   Code   RO         3506    i.stepper_init      stepper_motor.o
    0x08006fa4   0x08006fa4   0x000000b8   Code   RO         3507    i.stepper_star      stepper_motor.o
    0x0800705c   0x0800705c   0x0000003c   Code   RO         3508    i.stepper_stop      stepper_motor.o
    0x08007098   0x08007098   0x00000066   Code   RO          624    i.sys_stm32_clock_init  sys.o
    0x080070fe   0x080070fe   0x00000002   PAD
    0x08007100   0x08007100   0x0000002c   Code   RO          696    i.usart_init        usart.o
    0x0800712c   0x0800712c   0x00000062   Code   RO         3923    x$fpl$d2f           fz_ws.l(d2f.o)
    0x0800718e   0x0800718e   0x00000002   PAD
    0x08007190   0x08007190   0x00000150   Code   RO         3925    x$fpl$dadd          fz_ws.l(daddsub_clz.o)
    0x080072e0   0x080072e0   0x00000010   Code   RO         4099    x$fpl$dcheck1       fz_ws.l(dcheck1.o)
    0x080072f0   0x080072f0   0x000002b0   Code   RO         3932    x$fpl$ddiv          fz_ws.l(ddiv.o)
    0x080075a0   0x080075a0   0x0000005e   Code   RO         3935    x$fpl$dfix          fz_ws.l(dfix.o)
    0x080075fe   0x080075fe   0x00000002   PAD
    0x08007600   0x08007600   0x0000005a   Code   RO         3939    x$fpl$dfixu         fz_ws.l(dfixu.o)
    0x0800765a   0x0800765a   0x0000002e   Code   RO         3944    x$fpl$dflt          fz_ws.l(dflt_clz.o)
    0x08007688   0x08007688   0x00000026   Code   RO         3943    x$fpl$dfltu         fz_ws.l(dflt_clz.o)
    0x080076ae   0x080076ae   0x00000002   PAD
    0x080076b0   0x080076b0   0x00000154   Code   RO         3951    x$fpl$dmul          fz_ws.l(dmul.o)
    0x08007804   0x08007804   0x0000009c   Code   RO         4017    x$fpl$dnaninf       fz_ws.l(dnaninf.o)
    0x080078a0   0x080078a0   0x0000000c   Code   RO         4019    x$fpl$dretinf       fz_ws.l(dretinf.o)
    0x080078ac   0x080078ac   0x00000016   Code   RO         3926    x$fpl$drsb          fz_ws.l(daddsub_clz.o)
    0x080078c2   0x080078c2   0x00000002   PAD
    0x080078c4   0x080078c4   0x000001cc   Code   RO         4021    x$fpl$dsqrt         fz_ws.l(dsqrt_noumaal.o)
    0x08007a90   0x08007a90   0x000001d4   Code   RO         3927    x$fpl$dsub          fz_ws.l(daddsub_clz.o)
    0x08007c64   0x08007c64   0x00000056   Code   RO         3953    x$fpl$f2d           fz_ws.l(f2d.o)
    0x08007cba   0x08007cba   0x00000002   PAD
    0x08007cbc   0x08007cbc   0x000000c4   Code   RO         3955    x$fpl$fadd          fz_ws.l(faddsub_clz.o)
    0x08007d80   0x08007d80   0x00000018   Code   RO         4023    x$fpl$fcmpinf       fz_ws.l(fcmpi.o)
    0x08007d98   0x08007d98   0x00000184   Code   RO         3962    x$fpl$fdiv          fz_ws.l(fdiv.o)
    0x08007f1c   0x08007f1c   0x00000036   Code   RO         3965    x$fpl$ffix          fz_ws.l(ffix.o)
    0x08007f52   0x08007f52   0x00000002   PAD
    0x08007f54   0x08007f54   0x00000030   Code   RO         3970    x$fpl$fflt          fz_ws.l(fflt_clz.o)
    0x08007f84   0x08007f84   0x00000068   Code   RO         3975    x$fpl$fleqf         fz_ws.l(fleqf.o)
    0x08007fec   0x08007fec   0x0000008c   Code   RO         4025    x$fpl$fnaninf       fz_ws.l(fnaninf.o)
    0x08008078   0x08008078   0x0000000a   Code   RO         4027    x$fpl$fretinf       fz_ws.l(fretinf.o)
    0x08008082   0x08008082   0x00000062   Code   RO         3977    x$fpl$frleqf        fz_ws.l(frleqf.o)
    0x080080e4   0x080080e4   0x000000ea   Code   RO         3957    x$fpl$fsub          fz_ws.l(faddsub_clz.o)
    0x080081ce   0x080081ce   0x00000064   Code   RO         4148    x$fpl$retnan        fz_ws.l(retnan.o)
    0x08008232   0x08008232   0x0000005c   Code   RO         4080    x$fpl$scalbn        fz_ws.l(scalbn.o)
    0x0800828e   0x0800828e   0x00000030   Code   RO         4161    x$fpl$trapveneer    fz_ws.l(trapv.o)
    0x080082be   0x080082be   0x00000000   Code   RO         4029    x$fpl$usenofp       fz_ws.l(usenofp.o)
    0x080082be   0x080082be   0x00000002   PAD
    0x080082c0   0x080082c0   0x00000060   Data   RO           36    .constdata          main.o
    0x08008320   0x08008320   0x00000018   Data   RO          378    .constdata          system_stm32f1xx.o
    0x08008338   0x08008338   0x00000818   Data   RO         3658    .constdata          oled.o
    0x08008b50   0x08008b50   0x00000030   Data   RO         4031    .constdata          m_ws.l(cos_i.o)
    0x08008b80   0x08008b80   0x000000c8   Data   RO         4049    .constdata          m_ws.l(rred.o)
    0x08008c48   0x08008c48   0x00000028   Data   RO         4053    .constdata          m_ws.l(sin_i.o)
    0x08008c70   0x08008c70   0x00000020   Data   RO         4222    Region$$Table       anon$$obj.o


    Execution Region RW_IRAM1 (Exec base: 0x20000000, Load base: 0x08008c90, Size: 0x000008c0, Max: 0x00005000, ABSOLUTE)

    Exec Addr    Load Addr    Size         Type   Attr      Idx    E Section Name        Object

    0x20000000   0x08008c90   0x00000028   Data   RW           37    .data               main.o
    0x20000028   0x08008cb8   0x00000004   Data   RW          379    .data               system_stm32f1xx.o
    0x2000002c   0x08008cbc   0x00000002   Data   RW          578    .data               delay.o
    0x2000002e   0x08008cbe   0x00000002   PAD
    0x20000030   0x08008cc0   0x00000009   Data   RW          781    .data               stm32f1xx_hal.o
    0x20000039   0x08008cc9   0x00000001   Data   RW         3471    .data               key.o
    0x2000003a   0x08008cca   0x00000002   PAD
    0x2000003c   0x08008ccc   0x00000016   Data   RW         3583    .data               stepper_tim.o
    0x20000052   0x08008ce2   0x00000002   PAD
    0x20000054        -       0x000000a8   Zero   RW           35    .bss                main.o
    0x200000fc        -       0x00000040   Zero   RW          697    .bss                usart.o
    0x2000013c        -       0x00000030   Zero   RW         3509    .bss                stepper_motor.o
    0x2000016c        -       0x00000064   Zero   RW         3582    .bss                stepper_tim.o
    0x200001d0        -       0x00000090   Zero   RW         3838    .bss                btim.o
    0x20000260        -       0x00000060   Zero   RW         4087    .bss                c_w.l(libspace.o)
    0x200002c0        -       0x00000200   Zero   RW            2    HEAP                startup_stm32f103xb.o
    0x200004c0        -       0x00000400   Zero   RW            1    STACK               startup_stm32f103xb.o


==============================================================================

Image component sizes


      Code (inc. data)   RO Data    RW Data    ZI Data      Debug   Object Name

       252         46          0          0        144       3431   btim.o
       172         16          0          2          0       1935   delay.o
       812         32          0          1          0       2082   key.o
       112         10          0          0          0        899   led.o
     15502       1044         96         40        168     443859   main.o
       968         38       2072          0          0       8420   oled.o
        64         26        236          0       1536        936   startup_stm32f103xb.o
       884         82          0          0         48       9444   stepper_motor.o
       820         92          0         22        100       3924   stepper_tim.o
       130         24          0          9          0       5389   stm32f1xx_hal.o
       344         22          0          0          0      30145   stm32f1xx_hal_cortex.o
       828         34          0          0          0       3387   stm32f1xx_hal_gpio.o
      1784        110          0          0          0       6148   stm32f1xx_hal_rcc.o
      1994         78          0          0          0      12586   stm32f1xx_hal_tim.o
         4          0          0          0          0       1573   stm32f1xx_hal_tim_ex.o
       690          4          0          0          0       3711   stm32f1xx_hal_uart.o
        22          0          0          0          0       6231   stm32f1xx_it.o
       102          0          0          0          0        727   sys.o
         2          0         24          4          0       1379   system_stm32f1xx.o
       212         24          0          0         64       3693   usart.o

    ----------------------------------------------------------------------
     25716       1682       2460         84       2060     549899   Object Totals
         0          0         32          0          0          0   (incl. Generated)
        18          0          0          6          0          0   (incl. Padding)

    ----------------------------------------------------------------------

      Code (inc. data)   RO Data    RW Data    ZI Data      Debug   Library Member Name

         8          0          0          0          0         68   __main.o
       104          0          0          0          0         84   __printf.o
         0          0          0          0          0          0   __rtentry.o
        12          0          0          0          0          0   __rtentry2.o
         6          0          0          0          0          0   __rtentry4.o
        52          8          0          0          0          0   __scatter.o
        26          0          0          0          0          0   __scatter_copy.o
        28          0          0          0          0          0   __scatter_zi.o
        48          6          0          0          0         96   _printf_char_common.o
         6          0          0          0          0          0   _printf_d.o
       120         16          0          0          0         92   _printf_dec.o
       178          0          0          0          0         88   _printf_intcommon.o
         0          0          0          0          0          0   _printf_percent.o
         4          0          0          0          0          0   _printf_percent_end.o
        22          0          0          0          0        100   _rserrno.o
        10          0          0          0          0         68   _sputc.o
        18          0          0          0          0         80   exit.o
         6          0          0          0          0        152   heapauxi.o
         2          0          0          0          0          0   libinit.o
         2          0          0          0          0          0   libinit2.o
         2          0          0          0          0          0   libshutdown.o
         2          0          0          0          0          0   libshutdown2.o
         8          4          0          0         96         68   libspace.o
        40          6          0          0          0         84   noretval__2sprintf.o
         8          4          0          0          0         68   rt_errno_addr_intlibspace.o
        78          0          0          0          0         80   rt_memclr_w.o
       100          0          0          0          0         80   rt_memcpy_w.o
         2          0          0          0          0          0   rtexit.o
        10          0          0          0          0          0   rtexit2.o
        74          0          0          0          0         80   sys_stackheap_outer.o
         2          0          0          0          0         68   use_no_semi.o
         2          0          0          0          0         68   use_no_semi_2.o
        98          4          0          0          0         92   d2f.o
       826         16          0          0          0        348   daddsub_clz.o
        16          4          0          0          0         68   dcheck1.o
       688        140          0          0          0        208   ddiv.o
        94          4          0          0          0         92   dfix.o
        90          4          0          0          0         92   dfixu.o
        84          0          0          0          0        136   dflt_clz.o
       340         12          0          0          0        104   dmul.o
       156          4          0          0          0         92   dnaninf.o
        12          0          0          0          0         68   dretinf.o
       460         56          0          0          0        120   dsqrt_noumaal.o
        86          4          0          0          0         84   f2d.o
       430          8          0          0          0        168   faddsub_clz.o
        24          0          0          0          0         68   fcmpi.o
       388         76          0          0          0         96   fdiv.o
        54          4          0          0          0         84   ffix.o
        48          0          0          0          0         68   fflt_clz.o
       104          4          0          0          0         84   fleqf.o
       140          4          0          0          0         84   fnaninf.o
        10          0          0          0          0         68   fretinf.o
        98          0          0          0          0         68   frleqf.o
       100          0          0          0          0         68   retnan.o
        92          0          0          0          0         68   scalbn.o
        48          0          0          0          0         68   trapv.o
         0          0          0          0          0          0   usenofp.o
       156          8          0          0          0        104   cos.o
       252         22         48          0          0        124   cos_i.o
        34          6          0          0          0        204   dunder.o
        40          0          0          0          0         68   fpclassify.o
       170          0          0          0          0         96   poly.o
       904         76        200          0          0        140   rred.o
       160         10          0          0          0        108   sin.o
       236         12         40          0          0        128   sin_i.o
        76          0          0          0          0         84   sqrt.o

    ----------------------------------------------------------------------
      7520        522        288          0         96       4976   Library Totals
        26          0          0          0          0          0   (incl. Padding)

    ----------------------------------------------------------------------

      Code (inc. data)   RO Data    RW Data    ZI Data      Debug   Library Name

       980         44          0          0         96       1424   c_w.l
      4486        344          0          0          0       2496   fz_ws.l
      2028        134        288          0          0       1056   m_ws.l

    ----------------------------------------------------------------------
      7520        522        288          0         96       4976   Library Totals

    ----------------------------------------------------------------------

==============================================================================


      Code (inc. data)   RO Data    RW Data    ZI Data      Debug   

     33236       2204       2748         84       2156     546447   Grand Totals
     33236       2204       2748         84       2156     546447   ELF Image Totals
     33236       2204       2748         84          0          0   ROM Totals

==============================================================================

    Total RO  Size (Code + RO Data)                35984 (  35.14kB)
    Total RW  Size (RW Data + ZI Data)              2240 (   2.19kB)
    Total ROM Size (Code + RO Data + RW Data)      36068 (  35.22kB)

==============================================================================

